<?xml version="1.0" encoding="utf-8"?>
<TestRun id="a387760b-560b-47dd-8915-9588dbaae843" name="@Machine 2026-10-01 20:06:32" xmlns="http://microsoft.com/schemas/VisualStudio/TeamTest/2010">
  <Times creation="2026-10-01T20:06:32.4728340-04:00" queuing="2026-10-01T20:06:32.4728340-04:00" start="2026-10-01T20:06:26.7475520-04:00" finish="2026-10-01T20:08:27.2018820-04:00" />
  <TestSettings name="default" id="c179b118-5123-49a8-9ab3-997d4047563f">
    <Deployment runDeploymentRoot="_Machine_2026-10-01_20_06_32" />
  </TestSettings>
  <Results>
    <UnitTestResult executionId="1ca92689-6c22-4399-859e-7e358d78b0e2" testId="c34d931e-182f-6287-4e80-0e18245aa9cb" testName="Cntryl.Portia.Tests.McpLifecycleQualificationTests.ShouldCancelMinimalSdkStdioHandler(primitive: &quot;resource&quot;, revision: &quot;2025-11-25&quot;, explicitNotification: False)" computerName="Machine" duration="00:00:11.0215272" startTime="2026-10-01T20:08:03.8971100-04:00" endTime="2026-10-01T20:08:14.9007300-04:00" testType="13cdc9d9-ddb5-4fa4-a97d-d965ccfc6d4b" outcome="Failed" testListId="8c84fa94-04c1-424b-9868-57a2d4851a1d" relativeResultsDirectory="1ca92689-6c22-4399-859e-7e358d78b0e2">
      <Output>
        <ErrorInfo>
          <Message>SDK 2025-11-25 resource: missing disposed; protocol evidence: /var/folders/dg/rh2n13nx6cqgwpb8lkkxsgy80000gn/T/portia-sdk-cancellation-resource-2025-11-25-False-89fcbc4ea6e74044840b56bb3c052521</Message>
          <StackTrace>   at Cntryl.Portia.Tests.McpLifecycleQualificationTests.&lt;&gt;c__DisplayClass0_0.&lt;&lt;ShouldCancelMinimalSdkStdioHandler&gt;g__PollAsync|5&gt;d.MoveNext() in /private/tmp/portia-pass1-transport-mcp/test/Portia.McpTests/Registration/McpLifecycleQualificationTests.cs:line 76
--- End of stack trace from previous location ---
   at Cntryl.Portia.Tests.McpLifecycleQualificationTests.ShouldCancelMinimalSdkStdioHandler(String primitive, String revision, Boolean explicitNotification) in /private/tmp/portia-pass1-transport-mcp/test/Portia.McpTests/Registration/McpLifecycleQualificationTests.cs:line 59
   at Cntryl.Portia.Tests.McpLifecycleQualificationTests.ShouldCancelMinimalSdkStdioHandler(String primitive, String revision, Boolean explicitNotification) in /private/tmp/portia-pass1-transport-mcp/test/Portia.McpTests/Registration/McpLifecycleQualificationTests.cs:line 65
--- End of stack trace from previous location ---</StackTrace>
        </ErrorInfo>
      </Output>
    </UnitTestResult>
    <UnitTestResult executionId="0cb907a5-dfc8-47a8-81b3-6a5249b276d6" testId="fc070ff4-5a17-e17b-eb9d-14e93428514d" testName="Cntryl.Portia.Tests.McpLifecycleQualificationTests.ShouldPropagateCancellationAndSanitizeDeadlinesOnBothTransports(transportName: &quot;http&quot;, primitive: &quot;prompt&quot;, deadline: True, explicitNotification: False)" computerName="Machine" duration="00:00:00.4125745" startTime="2026-10-01T20:06:51.3901300-04:00" endTime="2026-10-01T20:06:51.8015810-04:00" testType="13cdc9d9-ddb5-4fa4-a97d-d965ccfc6d4b" outcome="Passed" testListId="8c84fa94-04c1-424b-9868-57a2d4851a1d" relativeResultsDirectory="0cb907a5-dfc8-47a8-81b3-6a5249b276d6" />
    <UnitTestResult executionId="e19131d7-cc67-451a-9b8b-9604578f7793" testId="b544286d-ef6b-a73a-e36c-a5fa79a3bd24" testName="Cntryl.Portia.Tests.McpLifecycleQualificationTests.ShouldPropagateCancellationAndSanitizeDeadlinesOnBothTransports(transportName: &quot;stdio&quot;, primitive: &quot;resource&quot;, deadline: True, explicitNotification: False)" computerName="Machine" duration="00:00:01.8202918" startTime="2026-10-01T20:06:53.5962410-04:00" endTime="2026-10-01T20:06:55.4166710-04:00" testType="13cdc9d9-ddb5-4fa4-a97d-d965ccfc6d4b" outcome="Passed" testListId="8c84fa94-04c1-424b-9868-57a2d4851a1d" relativeResultsDirectory="e19131d7-cc67-451a-9b8b-9604578f7793" />
    <UnitTestResult executionId="6c4c146f-17f7-4d29-9a8e-216b5969088f" testId="6e49ed59-ead7-60db-af49-81f9d58298da" testName="Cntryl.Portia.Tests.McpLifecycleQualificationTests.ShouldPropagateCancellationAndSanitizeDeadlinesOnBothTransports(transportName: &quot;http&quot;, primitive: &quot;resource&quot;, deadline: False, explicitNotification: False)" computerName="Machine" duration="00:00:05.1011932" startTime="2026-10-01T20:06:46.2872360-04:00" endTime="2026-10-01T20:06:51.3887510-04:00" testType="13cdc9d9-ddb5-4fa4-a97d-d965ccfc6d4b" outcome="Failed" testListId="8c84fa94-04c1-424b-9868-57a2d4851a1d" relativeResultsDirectory="6c4c146f-17f7-4d29-9a8e-216b5969088f">
      <Output>
        <ErrorInfo>
          <Message>http resource: lifecycle condition did not complete; evidence: /var/folders/dg/rh2n13nx6cqgwpb8lkkxsgy80000gn/T/portia-lifecycle-http-resource-False-False-fe454e3a73924a1a8945e5bf4a3fa9d4</Message>
          <StackTrace>   at Cntryl.Portia.Tests.McpLifecycleQualificationTests.&lt;&gt;c__DisplayClass2_0.&lt;&lt;ShouldPropagateCancellationAndSanitizeDeadlinesOnBothTransports&gt;g__PollAsync|15&gt;d.MoveNext() in /private/tmp/portia-pass1-transport-mcp/test/Portia.McpTests/Registration/McpLifecycleQualificationTests.cs:line 270
--- End of stack trace from previous location ---
   at Cntryl.Portia.Tests.McpLifecycleQualificationTests.ShouldPropagateCancellationAndSanitizeDeadlinesOnBothTransports(String transportName, String primitive, Boolean deadline, Boolean explicitNotification) in /private/tmp/portia-pass1-transport-mcp/test/Portia.McpTests/Registration/McpLifecycleQualificationTests.cs:line 168
   at Cntryl.Portia.Tests.McpLifecycleQualificationTests.ShouldPropagateCancellationAndSanitizeDeadlinesOnBothTransports(String transportName, String primitive, Boolean deadline, Boolean explicitNotification) in /private/tmp/portia-pass1-transport-mcp/test/Portia.McpTests/Registration/McpLifecycleQualificationTests.cs:line 194
   at Cntryl.Portia.Tests.McpLifecycleQualificationTests.ShouldPropagateCancellationAndSanitizeDeadlinesOnBothTransports(String transportName, String primitive, Boolean deadline, Boolean explicitNotification) in /private/tmp/portia-pass1-transport-mcp/test/Portia.McpTests/Registration/McpLifecycleQualificationTests.cs:line 194
--- End of stack trace from previous location ---</StackTrace>
        </ErrorInfo>
      </Output>
    </UnitTestResult>
    <UnitTestResult executionId="2df1839f-23db-4909-80e1-ecb2246c2b29" testId="98838be2-2fb4-586f-0fcc-cd97b833dbe6" testName="Cntryl.Portia.Tests.McpLifecycleQualificationTests.ShouldCancelMinimalSdkStdioHandler(primitive: &quot;prompt&quot;, revision: &quot;2026-07-28&quot;, explicitNotification: True)" computerName="Machine" duration="00:00:01.2921689" startTime="2026-10-01T20:07:24.4372130-04:00" endTime="2026-10-01T20:07:25.7290140-04:00" testType="13cdc9d9-ddb5-4fa4-a97d-d965ccfc6d4b" outcome="Passed" testListId="8c84fa94-04c1-424b-9868-57a2d4851a1d" relativeResultsDirectory="2df1839f-23db-4909-80e1-ecb2246c2b29" />
    <UnitTestResult executionId="6584277e-e5aa-4470-9225-594f2c13b862" testId="9b27b1ab-16d3-d516-6504-592ee85d3675" testName="Cntryl.Portia.Tests.McpLifecycleQualificationTests.ShouldPropagateCancellationAndSanitizeDeadlinesOnBothTransports(transportName: &quot;stdio&quot;, primitive: &quot;prompt&quot;, deadline: False, explicitNotification: True)" computerName="Machine" duration="00:00:01.5391715" startTime="2026-10-01T20:07:10.2839790-04:00" endTime="2026-10-01T20:07:11.8231590-04:00" testType="13cdc9d9-ddb5-4fa4-a97d-d965ccfc6d4b" outcome="Passed" testListId="8c84fa94-04c1-424b-9868-57a2d4851a1d" relativeResultsDirectory="6584277e-e5aa-4470-9225-594f2c13b862" />
    <UnitTestResult executionId="eb6f6ba9-c84b-4de3-af12-5ae22862cfce" testId="1dfd2f22-0eae-a1d3-1819-4fae48f39e07" testName="Cntryl.Portia.Tests.McpLifecycleQualificationTests.ShouldPropagateCancellationAndSanitizeDeadlinesOnBothTransports(transportName: &quot;stdio&quot;, primitive: &quot;tool&quot;, deadline: True, explicitNotification: False)" computerName="Machine" duration="00:00:01.8419617" startTime="2026-10-01T20:06:44.0883610-04:00" endTime="2026-10-01T20:06:45.9302710-04:00" testType="13cdc9d9-ddb5-4fa4-a97d-d965ccfc6d4b" outcome="Passed" testListId="8c84fa94-04c1-424b-9868-57a2d4851a1d" relativeResultsDirectory="eb6f6ba9-c84b-4de3-af12-5ae22862cfce" />
    <UnitTestResult executionId="35e99a93-31a3-4068-ac71-cf8fcf459a39" testId="fac9a33c-900d-2bf2-1225-9f804b0384a3" testName="Cntryl.Portia.Tests.McpLifecycleQualificationTests.ShouldPropagateCancellationAndSanitizeDeadlinesOnBothTransports(transportName: &quot;http&quot;, primitive: &quot;prompt&quot;, deadline: False, explicitNotification: False)" computerName="Machine" duration="00:00:05.1421031" startTime="2026-10-01T20:06:32.4630570-04:00" endTime="2026-10-01T20:06:37.5966940-04:00" testType="13cdc9d9-ddb5-4fa4-a97d-d965ccfc6d4b" outcome="Failed" testListId="8c84fa94-04c1-424b-9868-57a2d4851a1d" relativeResultsDirectory="35e99a93-31a3-4068-ac71-cf8fcf459a39">
      <Output>
        <ErrorInfo>
          <Message>http prompt: lifecycle condition did not complete; evidence: /var/folders/dg/rh2n13nx6cqgwpb8lkkxsgy80000gn/T/portia-lifecycle-http-prompt-False-False-7dbfd03b0b9c4aa5b2a047a7b0ebceb1</Message>
          <StackTrace>   at Cntryl.Portia.Tests.McpLifecycleQualificationTests.&lt;&gt;c__DisplayClass2_0.&lt;&lt;ShouldPropagateCancellationAndSanitizeDeadlinesOnBothTransports&gt;g__PollAsync|15&gt;d.MoveNext() in /private/tmp/portia-pass1-transport-mcp/test/Portia.McpTests/Registration/McpLifecycleQualificationTests.cs:line 270
--- End of stack trace from previous location ---
   at Cntryl.Portia.Tests.McpLifecycleQualificationTests.ShouldPropagateCancellationAndSanitizeDeadlinesOnBothTransports(String transportName, String primitive, Boolean deadline, Boolean explicitNotification) in /private/tmp/portia-pass1-transport-mcp/test/Portia.McpTests/Registration/McpLifecycleQualificationTests.cs:line 168
   at Cntryl.Portia.Tests.McpLifecycleQualificationTests.ShouldPropagateCancellationAndSanitizeDeadlinesOnBothTransports(String transportName, String primitive, Boolean deadline, Boolean explicitNotification) in /private/tmp/portia-pass1-transport-mcp/test/Portia.McpTests/Registration/McpLifecycleQualificationTests.cs:line 194
   at Cntryl.Portia.Tests.McpLifecycleQualificationTests.ShouldPropagateCancellationAndSanitizeDeadlinesOnBothTransports(String transportName, String primitive, Boolean deadline, Boolean explicitNotification) in /private/tmp/portia-pass1-transport-mcp/test/Portia.McpTests/Registration/McpLifecycleQualificationTests.cs:line 194
--- End of stack trace from previous location ---</StackTrace>
        </ErrorInfo>
      </Output>
    </UnitTestResult>
    <UnitTestResult executionId="3f907186-41dc-41e8-9367-4a2cf9e0d8f0" testId="1530b72d-1ad6-0e3b-2565-236438f8e24c" testName="Cntryl.Portia.Tests.McpLifecycleQualificationTests.ShouldPropagateCancellationAndSanitizeDeadlinesOnBothTransports(transportName: &quot;http&quot;, primitive: &quot;tool&quot;, deadline: True, explicitNotification: False)" computerName="Machine" duration="00:00:00.3579092" startTime="2026-10-01T20:07:08.3140660-04:00" endTime="2026-10-01T20:07:08.6717610-04:00" testType="13cdc9d9-ddb5-4fa4-a97d-d965ccfc6d4b" outcome="Passed" testListId="8c84fa94-04c1-424b-9868-57a2d4851a1d" relativeResultsDirectory="3f907186-41dc-41e8-9367-4a2cf9e0d8f0" />
    <UnitTestResult executionId="47d61c30-3388-4f9b-9300-f01a3de35e34" testId="56b6d1cf-e2ed-2ec4-118d-18049261404a" testName="Cntryl.Portia.Tests.McpLifecycleQualificationTests.ShouldCancelMinimalSdkStdioHandler(primitive: &quot;prompt&quot;, revision: &quot;2025-11-25&quot;, explicitNotification: False)" computerName="Machine" duration="00:00:11.0152742" startTime="2026-10-01T20:08:14.9013460-04:00" endTime="2026-10-01T20:08:25.9163130-04:00" testType="13cdc9d9-ddb5-4fa4-a97d-d965ccfc6d4b" outcome="Failed" testListId="8c84fa94-04c1-424b-9868-57a2d4851a1d" relativeResultsDirectory="47d61c30-3388-4f9b-9300-f01a3de35e34">
      <Output>
        <ErrorInfo>
          <Message>SDK 2025-11-25 prompt: missing disposed; protocol evidence: /var/folders/dg/rh2n13nx6cqgwpb8lkkxsgy80000gn/T/portia-sdk-cancellation-prompt-2025-11-25-False-843dc005dfdb47a1bd0f34f2298605b9</Message>
          <StackTrace>   at Cntryl.Portia.Tests.McpLifecycleQualificationTests.&lt;&gt;c__DisplayClass0_0.&lt;&lt;ShouldCancelMinimalSdkStdioHandler&gt;g__PollAsync|5&gt;d.MoveNext() in /private/tmp/portia-pass1-transport-mcp/test/Portia.McpTests/Registration/McpLifecycleQualificationTests.cs:line 76
--- End of stack trace from previous location ---
   at Cntryl.Portia.Tests.McpLifecycleQualificationTests.ShouldCancelMinimalSdkStdioHandler(String primitive, String revision, Boolean explicitNotification) in /private/tmp/portia-pass1-transport-mcp/test/Portia.McpTests/Registration/McpLifecycleQualificationTests.cs:line 59
   at Cntryl.Portia.Tests.McpLifecycleQualificationTests.ShouldCancelMinimalSdkStdioHandler(String primitive, String revision, Boolean explicitNotification) in /private/tmp/portia-pass1-transport-mcp/test/Portia.McpTests/Registration/McpLifecycleQualificationTests.cs:line 65
--- End of stack trace from previous location ---</StackTrace>
        </ErrorInfo>
      </Output>
    </UnitTestResult>
    <UnitTestResult executionId="c81e5a56-7b4c-48f1-97ba-fd1571ce8b71" testId="29be9bf3-6151-11f3-dabf-2495d036107f" testName="Cntryl.Portia.Tests.McpLifecycleQualificationTests.ShouldCancelMinimalSdkStdioHandler(primitive: &quot;prompt&quot;, revision: &quot;2025-11-25&quot;, explicitNotification: True)" computerName="Machine" duration="00:00:01.2691263" startTime="2026-10-01T20:07:39.3177970-04:00" endTime="2026-10-01T20:07:40.5870870-04:00" testType="13cdc9d9-ddb5-4fa4-a97d-d965ccfc6d4b" outcome="Passed" testListId="8c84fa94-04c1-424b-9868-57a2d4851a1d" relativeResultsDirectory="c81e5a56-7b4c-48f1-97ba-fd1571ce8b71" />
    <UnitTestResult executionId="ea939978-74e0-437a-af80-2ea9f92b2c36" testId="c9ea00e4-3dec-83a0-8713-e4641f5b41e5" testName="Cntryl.Portia.Tests.McpLifecycleQualificationTests.ShouldCancelMinimalSdkStdioHandler(primitive: &quot;resource&quot;, revision: &quot;2025-11-25&quot;, explicitNotification: True)" computerName="Machine" duration="00:00:01.2742826" startTime="2026-10-01T20:07:36.7481400-04:00" endTime="2026-10-01T20:07:38.0222710-04:00" testType="13cdc9d9-ddb5-4fa4-a97d-d965ccfc6d4b" outcome="Passed" testListId="8c84fa94-04c1-424b-9868-57a2d4851a1d" relativeResultsDirectory="ea939978-74e0-437a-af80-2ea9f92b2c36" />
    <UnitTestResult executionId="f05297e5-9f7b-4ed4-964a-c8b779f468f1" testId="4715724e-246e-bbf3-3cc6-2c982a837417" testName="Cntryl.Portia.Tests.McpLifecycleQualificationTests.ShouldPropagateCancellationAndSanitizeDeadlinesOnBothTransports(transportName: &quot;stdio&quot;, primitive: &quot;tool&quot;, deadline: False, explicitNotification: False)" computerName="Machine" duration="00:00:06.4441061" startTime="2026-10-01T20:06:55.4168080-04:00" endTime="2026-10-01T20:07:01.8611890-04:00" testType="13cdc9d9-ddb5-4fa4-a97d-d965ccfc6d4b" outcome="Failed" testListId="8c84fa94-04c1-424b-9868-57a2d4851a1d" relativeResultsDirectory="f05297e5-9f7b-4ed4-964a-c8b779f468f1">
      <Output>
        <ErrorInfo>
          <Message>stdio tool: lifecycle condition did not complete; evidence: /var/folders/dg/rh2n13nx6cqgwpb8lkkxsgy80000gn/T/portia-lifecycle-stdio-tool-False-False-6181163524f94797b14a501f9221f3b9</Message>
          <StackTrace>   at Cntryl.Portia.Tests.McpLifecycleQualificationTests.&lt;&gt;c__DisplayClass2_0.&lt;&lt;ShouldPropagateCancellationAndSanitizeDeadlinesOnBothTransports&gt;g__PollAsync|15&gt;d.MoveNext() in /private/tmp/portia-pass1-transport-mcp/test/Portia.McpTests/Registration/McpLifecycleQualificationTests.cs:line 270
--- End of stack trace from previous location ---
   at Cntryl.Portia.Tests.McpLifecycleQualificationTests.ShouldPropagateCancellationAndSanitizeDeadlinesOnBothTransports(String transportName, String primitive, Boolean deadline, Boolean explicitNotification) in /private/tmp/portia-pass1-transport-mcp/test/Portia.McpTests/Registration/McpLifecycleQualificationTests.cs:line 168
   at Cntryl.Portia.Tests.McpLifecycleQualificationTests.ShouldPropagateCancellationAndSanitizeDeadlinesOnBothTransports(String transportName, String primitive, Boolean deadline, Boolean explicitNotification) in /private/tmp/portia-pass1-transport-mcp/test/Portia.McpTests/Registration/McpLifecycleQualificationTests.cs:line 194
   at Cntryl.Portia.Tests.McpLifecycleQualificationTests.ShouldPropagateCancellationAndSanitizeDeadlinesOnBothTransports(String transportName, String primitive, Boolean deadline, Boolean explicitNotification) in /private/tmp/portia-pass1-transport-mcp/test/Portia.McpTests/Registration/McpLifecycleQualificationTests.cs:line 194
--- End of stack trace from previous location ---</StackTrace>
        </ErrorInfo>
      </Output>
    </UnitTestResult>
    <UnitTestResult executionId="1c7055d2-2510-4705-86c5-607f203c7648" testId="85a43b43-4904-9777-2dbc-2f0b75abc75f" testName="Cntryl.Portia.Tests.McpLifecycleQualificationTests.ShouldPropagateCancellationAndSanitizeDeadlinesOnBothTransports(transportName: &quot;stdio&quot;, primitive: &quot;resource&quot;, deadline: False, explicitNotification: False)" computerName="Machine" duration="00:00:06.4905099" startTime="2026-10-01T20:06:37.5974780-04:00" endTime="2026-10-01T20:06:44.0877460-04:00" testType="13cdc9d9-ddb5-4fa4-a97d-d965ccfc6d4b" outcome="Failed" testListId="8c84fa94-04c1-424b-9868-57a2d4851a1d" relativeResultsDirectory="1c7055d2-2510-4705-86c5-607f203c7648">
      <Output>
        <ErrorInfo>
          <Message>stdio resource: lifecycle condition did not complete; evidence: /var/folders/dg/rh2n13nx6cqgwpb8lkkxsgy80000gn/T/portia-lifecycle-stdio-resource-False-False-7291db54aaca4aeab85fe7330c75405c</Message>
          <StackTrace>   at Cntryl.Portia.Tests.McpLifecycleQualificationTests.&lt;&gt;c__DisplayClass2_0.&lt;&lt;ShouldPropagateCancellationAndSanitizeDeadlinesOnBothTransports&gt;g__PollAsync|15&gt;d.MoveNext() in /private/tmp/portia-pass1-transport-mcp/test/Portia.McpTests/Registration/McpLifecycleQualificationTests.cs:line 270
--- End of stack trace from previous location ---
   at Cntryl.Portia.Tests.McpLifecycleQualificationTests.ShouldPropagateCancellationAndSanitizeDeadlinesOnBothTransports(String transportName, String primitive, Boolean deadline, Boolean explicitNotification) in /private/tmp/portia-pass1-transport-mcp/test/Portia.McpTests/Registration/McpLifecycleQualificationTests.cs:line 168
   at Cntryl.Portia.Tests.McpLifecycleQualificationTests.ShouldPropagateCancellationAndSanitizeDeadlinesOnBothTransports(String transportName, String primitive, Boolean deadline, Boolean explicitNotification) in /private/tmp/portia-pass1-transport-mcp/test/Portia.McpTests/Registration/McpLifecycleQualificationTests.cs:line 194
   at Cntryl.Portia.Tests.McpLifecycleQualificationTests.ShouldPropagateCancellationAndSanitizeDeadlinesOnBothTransports(String transportName, String primitive, Boolean deadline, Boolean explicitNotification) in /private/tmp/portia-pass1-transport-mcp/test/Portia.McpTests/Registration/McpLifecycleQualificationTests.cs:line 194
--- End of stack trace from previous location ---</StackTrace>
        </ErrorInfo>
      </Output>
    </UnitTestResult>
    <UnitTestResult executionId="a5d0991e-c809-4a99-a674-f9dc8f3fc027" testId="56cf3e94-e013-ed20-1e61-c406f6dc4295" testName="Cntryl.Portia.Tests.McpLifecycleQualificationTests.ShouldPropagateCancellationAndSanitizeDeadlinesOnBothTransports(transportName: &quot;stdio&quot;, primitive: &quot;tool&quot;, deadline: False, explicitNotification: True)" computerName="Machine" duration="00:00:01.5942185" startTime="2026-10-01T20:07:11.8233010-04:00" endTime="2026-10-01T20:07:13.4176070-04:00" testType="13cdc9d9-ddb5-4fa4-a97d-d965ccfc6d4b" outcome="Passed" testListId="8c84fa94-04c1-424b-9868-57a2d4851a1d" relativeResultsDirectory="a5d0991e-c809-4a99-a674-f9dc8f3fc027" />
    <UnitTestResult executionId="72249918-95fd-4f38-ad3c-92b8a3e9fe3a" testId="278d3e4c-dbcc-37b9-f80c-0e3a6c01de17" testName="Cntryl.Portia.Tests.McpLifecycleQualificationTests.ShouldCancelMinimalSdkStdioHandler(primitive: &quot;tool&quot;, revision: &quot;2025-11-25&quot;, explicitNotification: True)" computerName="Machine" duration="00:00:01.2530613" startTime="2026-10-01T20:08:25.9167090-04:00" endTime="2026-10-01T20:08:27.1695330-04:00" testType="13cdc9d9-ddb5-4fa4-a97d-d965ccfc6d4b" outcome="Passed" testListId="8c84fa94-04c1-424b-9868-57a2d4851a1d" relativeResultsDirectory="72249918-95fd-4f38-ad3c-92b8a3e9fe3a" />
    <UnitTestResult executionId="034ec2d1-d681-4d65-a7e7-00d760b3ca1e" testId="80626ffb-54f0-1ed6-26c6-1a4787d91195" testName="Cntryl.Portia.Tests.McpLifecycleQualificationTests.ShouldCancelMinimalSdkStdioHandler(primitive: &quot;tool&quot;, revision: &quot;2026-07-28&quot;, explicitNotification: False)" computerName="Machine" duration="00:00:11.0182414" startTime="2026-10-01T20:07:13.4183930-04:00" endTime="2026-10-01T20:07:24.4366260-04:00" testType="13cdc9d9-ddb5-4fa4-a97d-d965ccfc6d4b" outcome="Failed" testListId="8c84fa94-04c1-424b-9868-57a2d4851a1d" relativeResultsDirectory="034ec2d1-d681-4d65-a7e7-00d760b3ca1e">
      <Output>
        <ErrorInfo>
          <Message>SDK 2026-07-28 tool: missing disposed; protocol evidence: /var/folders/dg/rh2n13nx6cqgwpb8lkkxsgy80000gn/T/portia-sdk-cancellation-tool-2026-07-28-False-ff29713085f443cfb9862ce25bfe7d80</Message>
          <StackTrace>   at Cntryl.Portia.Tests.McpLifecycleQualificationTests.&lt;&gt;c__DisplayClass0_0.&lt;&lt;ShouldCancelMinimalSdkStdioHandler&gt;g__PollAsync|5&gt;d.MoveNext() in /private/tmp/portia-pass1-transport-mcp/test/Portia.McpTests/Registration/McpLifecycleQualificationTests.cs:line 76
--- End of stack trace from previous location ---
   at Cntryl.Portia.Tests.McpLifecycleQualificationTests.ShouldCancelMinimalSdkStdioHandler(String primitive, String revision, Boolean explicitNotification) in /private/tmp/portia-pass1-transport-mcp/test/Portia.McpTests/Registration/McpLifecycleQualificationTests.cs:line 59
   at Cntryl.Portia.Tests.McpLifecycleQualificationTests.ShouldCancelMinimalSdkStdioHandler(String primitive, String revision, Boolean explicitNotification) in /private/tmp/portia-pass1-transport-mcp/test/Portia.McpTests/Registration/McpLifecycleQualificationTests.cs:line 65
--- End of stack trace from previous location ---</StackTrace>
        </ErrorInfo>
      </Output>
    </UnitTestResult>
    <UnitTestResult executionId="594c9944-524d-448b-a613-59d8ff138e08" testId="e0332e09-0e32-a517-9aa7-27f42b0eada9" testName="Cntryl.Portia.Tests.McpLifecycleQualificationTests.ShouldPropagateCancellationAndSanitizeDeadlinesOnBothTransports(transportName: &quot;http&quot;, primitive: &quot;resource&quot;, deadline: True, explicitNotification: False)" computerName="Machine" duration="00:00:00.3566693" startTime="2026-10-01T20:06:45.9308760-04:00" endTime="2026-10-01T20:06:46.2870880-04:00" testType="13cdc9d9-ddb5-4fa4-a97d-d965ccfc6d4b" outcome="Passed" testListId="8c84fa94-04c1-424b-9868-57a2d4851a1d" relativeResultsDirectory="594c9944-524d-448b-a613-59d8ff138e08" />
    <UnitTestResult executionId="c7cb34a1-1b6f-4fde-a2ea-9b422c3b030e" testId="35189c40-692e-1549-7b60-c28e9c2ffaed" testName="Cntryl.Portia.Tests.McpLifecycleQualificationTests.ShouldCancelMinimalSdkStdioHandler(primitive: &quot;tool&quot;, revision: &quot;2026-07-28&quot;, explicitNotification: True)" computerName="Machine" duration="00:00:01.2568766" startTime="2026-10-01T20:07:40.5871740-04:00" endTime="2026-10-01T20:07:41.8441490-04:00" testType="13cdc9d9-ddb5-4fa4-a97d-d965ccfc6d4b" outcome="Passed" testListId="8c84fa94-04c1-424b-9868-57a2d4851a1d" relativeResultsDirectory="c7cb34a1-1b6f-4fde-a2ea-9b422c3b030e" />
    <UnitTestResult executionId="3fe3d6a3-a5c7-41d3-9e19-550c041926b9" testId="85fa3c50-efdc-7ae3-bd07-1ff91efd9dd5" testName="Cntryl.Portia.Tests.McpLifecycleQualificationTests.ShouldCancelMinimalSdkStdioHandler(primitive: &quot;prompt&quot;, revision: &quot;2026-07-28&quot;, explicitNotification: False)" computerName="Machine" duration="00:00:11.0184794" startTime="2026-10-01T20:07:25.7291760-04:00" endTime="2026-10-01T20:07:36.7477830-04:00" testType="13cdc9d9-ddb5-4fa4-a97d-d965ccfc6d4b" outcome="Failed" testListId="8c84fa94-04c1-424b-9868-57a2d4851a1d" relativeResultsDirectory="3fe3d6a3-a5c7-41d3-9e19-550c041926b9">
      <Output>
        <ErrorInfo>
          <Message>SDK 2026-07-28 prompt: missing disposed; protocol evidence: /var/folders/dg/rh2n13nx6cqgwpb8lkkxsgy80000gn/T/portia-sdk-cancellation-prompt-2026-07-28-False-d7583778c81b42de9acf93af98016314</Message>
          <StackTrace>   at Cntryl.Portia.Tests.McpLifecycleQualificationTests.&lt;&gt;c__DisplayClass0_0.&lt;&lt;ShouldCancelMinimalSdkStdioHandler&gt;g__PollAsync|5&gt;d.MoveNext() in /private/tmp/portia-pass1-transport-mcp/test/Portia.McpTests/Registration/McpLifecycleQualificationTests.cs:line 76
--- End of stack trace from previous location ---
   at Cntryl.Portia.Tests.McpLifecycleQualificationTests.ShouldCancelMinimalSdkStdioHandler(String primitive, String revision, Boolean explicitNotification) in /private/tmp/portia-pass1-transport-mcp/test/Portia.McpTests/Registration/McpLifecycleQualificationTests.cs:line 59
   at Cntryl.Portia.Tests.McpLifecycleQualificationTests.ShouldCancelMinimalSdkStdioHandler(String primitive, String revision, Boolean explicitNotification) in /private/tmp/portia-pass1-transport-mcp/test/Portia.McpTests/Registration/McpLifecycleQualificationTests.cs:line 65
--- End of stack trace from previous location ---</StackTrace>
        </ErrorInfo>
      </Output>
    </UnitTestResult>
    <UnitTestResult executionId="30c03ed4-abf7-4cd5-a1e6-836c289254a2" testId="cc67097b-8965-5b22-bf5a-a7701bccd10c" testName="Cntryl.Portia.Tests.McpLifecycleQualificationTests.ShouldPropagateCancellationAndSanitizeDeadlinesOnBothTransports(transportName: &quot;stdio&quot;, primitive: &quot;resource&quot;, deadline: False, explicitNotification: True)" computerName="Machine" duration="00:00:01.6117809" startTime="2026-10-01T20:07:08.6718340-04:00" endTime="2026-10-01T20:07:10.2838400-04:00" testType="13cdc9d9-ddb5-4fa4-a97d-d965ccfc6d4b" outcome="Passed" testListId="8c84fa94-04c1-424b-9868-57a2d4851a1d" relativeResultsDirectory="30c03ed4-abf7-4cd5-a1e6-836c289254a2" />
    <UnitTestResult executionId="5c2adbc8-b2da-4d0c-867b-1554ad3fb593" testId="a9635ff5-bfaf-eaf3-a0e3-eb3137399d01" testName="Cntryl.Portia.Tests.McpLifecycleQualificationTests.ShouldCancelMinimalSdkStdioHandler(primitive: &quot;resource&quot;, revision: &quot;2026-07-28&quot;, explicitNotification: False)" computerName="Machine" duration="00:00:11.0152898" startTime="2026-10-01T20:07:41.8442710-04:00" endTime="2026-10-01T20:07:52.8596680-04:00" testType="13cdc9d9-ddb5-4fa4-a97d-d965ccfc6d4b" outcome="Failed" testListId="8c84fa94-04c1-424b-9868-57a2d4851a1d" relativeResultsDirectory="5c2adbc8-b2da-4d0c-867b-1554ad3fb593">
      <Output>
        <ErrorInfo>
          <Message>SDK 2026-07-28 resource: missing disposed; protocol evidence: /var/folders/dg/rh2n13nx6cqgwpb8lkkxsgy80000gn/T/portia-sdk-cancellation-resource-2026-07-28-False-80d5260b6f6242b3af8d123286e1a669</Message>
          <StackTrace>   at Cntryl.Portia.Tests.McpLifecycleQualificationTests.&lt;&gt;c__DisplayClass0_0.&lt;&lt;ShouldCancelMinimalSdkStdioHandler&gt;g__PollAsync|5&gt;d.MoveNext() in /private/tmp/portia-pass1-transport-mcp/test/Portia.McpTests/Registration/McpLifecycleQualificationTests.cs:line 76
--- End of stack trace from previous location ---
   at Cntryl.Portia.Tests.McpLifecycleQualificationTests.ShouldCancelMinimalSdkStdioHandler(String primitive, String revision, Boolean explicitNotification) in /private/tmp/portia-pass1-transport-mcp/test/Portia.McpTests/Registration/McpLifecycleQualificationTests.cs:line 59
   at Cntryl.Portia.Tests.McpLifecycleQualificationTests.ShouldCancelMinimalSdkStdioHandler(String primitive, String revision, Boolean explicitNotification) in /private/tmp/portia-pass1-transport-mcp/test/Portia.McpTests/Registration/McpLifecycleQualificationTests.cs:line 65
--- End of stack trace from previous location ---</StackTrace>
        </ErrorInfo>
      </Output>
    </UnitTestResult>
    <UnitTestResult executionId="cf68106a-6294-4b92-bd8d-ade24b8baa15" testId="86d0ec7c-500a-82fd-e901-9a867908145c" testName="Cntryl.Portia.Tests.McpLifecycleQualificationTests.ShouldPropagateCancellationAndSanitizeDeadlinesOnBothTransports(transportName: &quot;stdio&quot;, primitive: &quot;prompt&quot;, deadline: False, explicitNotification: False)" computerName="Machine" duration="00:00:06.4521995" startTime="2026-10-01T20:07:01.8617490-04:00" endTime="2026-10-01T20:07:08.3137140-04:00" testType="13cdc9d9-ddb5-4fa4-a97d-d965ccfc6d4b" outcome="Failed" testListId="8c84fa94-04c1-424b-9868-57a2d4851a1d" relativeResultsDirectory="cf68106a-6294-4b92-bd8d-ade24b8baa15">
      <Output>
        <ErrorInfo>
          <Message>stdio prompt: lifecycle condition did not complete; evidence: /var/folders/dg/rh2n13nx6cqgwpb8lkkxsgy80000gn/T/portia-lifecycle-stdio-prompt-False-False-f1f9960bd2b148e4a887572b9218140f</Message>
          <StackTrace>   at Cntryl.Portia.Tests.McpLifecycleQualificationTests.&lt;&gt;c__DisplayClass2_0.&lt;&lt;ShouldPropagateCancellationAndSanitizeDeadlinesOnBothTransports&gt;g__PollAsync|15&gt;d.MoveNext() in /private/tmp/portia-pass1-transport-mcp/test/Portia.McpTests/Registration/McpLifecycleQualificationTests.cs:line 270
--- End of stack trace from previous location ---
   at Cntryl.Portia.Tests.McpLifecycleQualificationTests.ShouldPropagateCancellationAndSanitizeDeadlinesOnBothTransports(String transportName, String primitive, Boolean deadline, Boolean explicitNotification) in /private/tmp/portia-pass1-transport-mcp/test/Portia.McpTests/Registration/McpLifecycleQualificationTests.cs:line 168
   at Cntryl.Portia.Tests.McpLifecycleQualificationTests.ShouldPropagateCancellationAndSanitizeDeadlinesOnBothTransports(String transportName, String primitive, Boolean deadline, Boolean explicitNotification) in /private/tmp/portia-pass1-transport-mcp/test/Portia.McpTests/Registration/McpLifecycleQualificationTests.cs:line 194
   at Cntryl.Portia.Tests.McpLifecycleQualificationTests.ShouldPropagateCancellationAndSanitizeDeadlinesOnBothTransports(String transportName, String primitive, Boolean deadline, Boolean explicitNotification) in /private/tmp/portia-pass1-transport-mcp/test/Portia.McpTests/Registration/McpLifecycleQualificationTests.cs:line 194
--- End of stack trace from previous location ---</StackTrace>
        </ErrorInfo>
      </Output>
    </UnitTestResult>
    <UnitTestResult executionId="dd619e6a-aae5-43f4-89cf-5bf13e3c74dd" testId="4be03a8d-0708-1e4b-1682-390432d53ad7" testName="Cntryl.Portia.Tests.McpLifecycleQualificationTests.ShouldPropagateCancellationAndSanitizeDeadlinesOnBothTransports(transportName: &quot;http&quot;, primitive: &quot;tool&quot;, deadline: False, explicitNotification: False)" computerName="Machine" duration="00:00:05.3661808" startTime="2026-10-01T20:06:27.0783890-04:00" endTime="2026-10-01T20:06:32.4539110-04:00" testType="13cdc9d9-ddb5-4fa4-a97d-d965ccfc6d4b" outcome="Failed" testListId="8c84fa94-04c1-424b-9868-57a2d4851a1d" relativeResultsDirectory="dd619e6a-aae5-43f4-89cf-5bf13e3c74dd">
      <Output>
        <ErrorInfo>
          <Message>http tool: lifecycle condition did not complete; evidence: /var/folders/dg/rh2n13nx6cqgwpb8lkkxsgy80000gn/T/portia-lifecycle-http-tool-False-False-45642cc632884fc4bed5a268ef572395</Message>
          <StackTrace>   at Cntryl.Portia.Tests.McpLifecycleQualificationTests.&lt;&gt;c__DisplayClass2_0.&lt;&lt;ShouldPropagateCancellationAndSanitizeDeadlinesOnBothTransports&gt;g__PollAsync|15&gt;d.MoveNext() in /private/tmp/portia-pass1-transport-mcp/test/Portia.McpTests/Registration/McpLifecycleQualificationTests.cs:line 270
--- End of stack trace from previous location ---
   at Cntryl.Portia.Tests.McpLifecycleQualificationTests.ShouldPropagateCancellationAndSanitizeDeadlinesOnBothTransports(String transportName, String primitive, Boolean deadline, Boolean explicitNotification) in /private/tmp/portia-pass1-transport-mcp/test/Portia.McpTests/Registration/McpLifecycleQualificationTests.cs:line 168
   at Cntryl.Portia.Tests.McpLifecycleQualificationTests.ShouldPropagateCancellationAndSanitizeDeadlinesOnBothTransports(String transportName, String primitive, Boolean deadline, Boolean explicitNotification) in /private/tmp/portia-pass1-transport-mcp/test/Portia.McpTests/Registration/McpLifecycleQualificationTests.cs:line 194
   at Cntryl.Portia.Tests.McpLifecycleQualificationTests.ShouldPropagateCancellationAndSanitizeDeadlinesOnBothTransports(String transportName, String primitive, Boolean deadline, Boolean explicitNotification) in /private/tmp/portia-pass1-transport-mcp/test/Portia.McpTests/Registration/McpLifecycleQualificationTests.cs:line 194
--- End of stack trace from previous location ---</StackTrace>
        </ErrorInfo>
      </Output>
    </UnitTestResult>
    <UnitTestResult executionId="7e154f7d-d90d-4fd4-91cb-533b90adec1d" testId="49e3135e-3317-41ee-74f6-1a4fe649e2b4" testName="Cntryl.Portia.Tests.McpLifecycleQualificationTests.ShouldCancelMinimalSdkStdioHandler(primitive: &quot;resource&quot;, revision: &quot;2026-07-28&quot;, explicitNotification: True)" computerName="Machine" duration="00:00:01.2952762" startTime="2026-10-01T20:07:38.0223960-04:00" endTime="2026-10-01T20:07:39.3177050-04:00" testType="13cdc9d9-ddb5-4fa4-a97d-d965ccfc6d4b" outcome="Passed" testListId="8c84fa94-04c1-424b-9868-57a2d4851a1d" relativeResultsDirectory="7e154f7d-d90d-4fd4-91cb-533b90adec1d" />
    <UnitTestResult executionId="602e5a98-15be-46d0-877a-fb31379293e3" testId="284bf9b8-bc1f-fbcb-b6db-cc1dffb0be89" testName="Cntryl.Portia.Tests.McpLifecycleQualificationTests.ShouldPropagateCancellationAndSanitizeDeadlinesOnBothTransports(transportName: &quot;stdio&quot;, primitive: &quot;prompt&quot;, deadline: True, explicitNotification: False)" computerName="Machine" duration="00:00:01.7942181" startTime="2026-10-01T20:06:51.8017160-04:00" endTime="2026-10-01T20:06:53.5960840-04:00" testType="13cdc9d9-ddb5-4fa4-a97d-d965ccfc6d4b" outcome="Passed" testListId="8c84fa94-04c1-424b-9868-57a2d4851a1d" relativeResultsDirectory="602e5a98-15be-46d0-877a-fb31379293e3" />
    <UnitTestResult executionId="5516b7c4-98ca-4bfb-843d-0085cf5ad477" testId="b2f7f736-2375-b78d-b0ef-968b32f8f4a9" testName="Cntryl.Portia.Tests.McpLifecycleQualificationTests.ShouldCancelMinimalSdkStdioHandler(primitive: &quot;tool&quot;, revision: &quot;2025-11-25&quot;, explicitNotification: False)" computerName="Machine" duration="00:00:11.0189010" startTime="2026-10-01T20:07:52.8600010-04:00" endTime="2026-10-01T20:08:03.8789460-04:00" testType="13cdc9d9-ddb5-4fa4-a97d-d965ccfc6d4b" outcome="Failed" testListId="8c84fa94-04c1-424b-9868-57a2d4851a1d" relativeResultsDirectory="5516b7c4-98ca-4bfb-843d-0085cf5ad477">
      <Output>
        <ErrorInfo>
          <Message>SDK 2025-11-25 tool: missing disposed; protocol evidence: /var/folders/dg/rh2n13nx6cqgwpb8lkkxsgy80000gn/T/portia-sdk-cancellation-tool-2025-11-25-False-f9c57e09b5924547912f50946322b5e1</Message>
          <StackTrace>   at Cntryl.Portia.Tests.McpLifecycleQualificationTests.&lt;&gt;c__DisplayClass0_0.&lt;&lt;ShouldCancelMinimalSdkStdioHandler&gt;g__PollAsync|5&gt;d.MoveNext() in /private/tmp/portia-pass1-transport-mcp/test/Portia.McpTests/Registration/McpLifecycleQualificationTests.cs:line 76
--- End of stack trace from previous location ---
   at Cntryl.Portia.Tests.McpLifecycleQualificationTests.ShouldCancelMinimalSdkStdioHandler(String primitive, String revision, Boolean explicitNotification) in /private/tmp/portia-pass1-transport-mcp/test/Portia.McpTests/Registration/McpLifecycleQualificationTests.cs:line 59
   at Cntryl.Portia.Tests.McpLifecycleQualificationTests.ShouldCancelMinimalSdkStdioHandler(String primitive, String revision, Boolean explicitNotification) in /private/tmp/portia-pass1-transport-mcp/test/Portia.McpTests/Registration/McpLifecycleQualificationTests.cs:line 65
--- End of stack trace from previous location ---</StackTrace>
        </ErrorInfo>
      </Output>
    </UnitTestResult>
  </Results>
  <TestDefinitions>
    <UnitTest name="Cntryl.Portia.Tests.McpLifecycleQualificationTests.ShouldCancelMinimalSdkStdioHandler(primitive: &quot;resource&quot;, revision: &quot;2026-07-28&quot;, explicitNotification: False)" storage="/private/tmp/portia-pass1-transport-mcp/test/portia.mcptests/bin/release/net10.0/portia.mcptests.dll" id="a9635ff5-bfaf-eaf3-a0e3-eb3137399d01">
      <Execution id="5c2adbc8-b2da-4d0c-867b-1554ad3fb593" />
      <TestMethod codeBase="/private/tmp/portia-pass1-transport-mcp/test/Portia.McpTests/bin/Release/net10.0/Portia.McpTests.dll" adapterTypeName="executor://xunit/VsTestRunner3/netcore/" className="Cntryl.Portia.Tests.McpLifecycleQualificationTests" name="ShouldCancelMinimalSdkStdioHandler" />
    </UnitTest>
    <UnitTest name="Cntryl.Portia.Tests.McpLifecycleQualificationTests.ShouldPropagateCancellationAndSanitizeDeadlinesOnBothTransports(transportName: &quot;stdio&quot;, primitive: &quot;tool&quot;, deadline: True, explicitNotification: False)" storage="/private/tmp/portia-pass1-transport-mcp/test/portia.mcptests/bin/release/net10.0/portia.mcptests.dll" id="1dfd2f22-0eae-a1d3-1819-4fae48f39e07">
      <Execution id="eb6f6ba9-c84b-4de3-af12-5ae22862cfce" />
      <TestMethod codeBase="/private/tmp/portia-pass1-transport-mcp/test/Portia.McpTests/bin/Release/net10.0/Portia.McpTests.dll" adapterTypeName="executor://xunit/VsTestRunner3/netcore/" className="Cntryl.Portia.Tests.McpLifecycleQualificationTests" name="ShouldPropagateCancellationAndSanitizeDeadlinesOnBothTransports" />
    </UnitTest>
    <UnitTest name="Cntryl.Portia.Tests.McpLifecycleQualificationTests.ShouldPropagateCancellationAndSanitizeDeadlinesOnBothTransports(transportName: &quot;stdio&quot;, primitive: &quot;prompt&quot;, deadline: False, explicitNotification: True)" storage="/private/tmp/portia-pass1-transport-mcp/test/portia.mcptests/bin/release/net10.0/portia.mcptests.dll" id="9b27b1ab-16d3-d516-6504-592ee85d3675">
      <Execution id="6584277e-e5aa-4470-9225-594f2c13b862" />
      <TestMethod codeBase="/private/tmp/portia-pass1-transport-mcp/test/Portia.McpTests/bin/Release/net10.0/Portia.McpTests.dll" adapterTypeName="executor://xunit/VsTestRunner3/netcore/" className="Cntryl.Portia.Tests.McpLifecycleQualificationTests" name="ShouldPropagateCancellationAndSanitizeDeadlinesOnBothTransports" />
    </UnitTest>
    <UnitTest name="Cntryl.Portia.Tests.McpLifecycleQualificationTests.ShouldCancelMinimalSdkStdioHandler(primitive: &quot;prompt&quot;, revision: &quot;2026-07-28&quot;, explicitNotification: True)" storage="/private/tmp/portia-pass1-transport-mcp/test/portia.mcptests/bin/release/net10.0/portia.mcptests.dll" id="98838be2-2fb4-586f-0fcc-cd97b833dbe6">
      <Execution id="2df1839f-23db-4909-80e1-ecb2246c2b29" />
      <TestMethod codeBase="/private/tmp/portia-pass1-transport-mcp/test/Portia.McpTests/bin/Release/net10.0/Portia.McpTests.dll" adapterTypeName="executor://xunit/VsTestRunner3/netcore/" className="Cntryl.Portia.Tests.McpLifecycleQualificationTests" name="ShouldCancelMinimalSdkStdioHandler" />
    </UnitTest>
    <UnitTest name="Cntryl.Portia.Tests.McpLifecycleQualificationTests.ShouldPropagateCancellationAndSanitizeDeadlinesOnBothTransports(transportName: &quot;http&quot;, primitive: &quot;tool&quot;, deadline: False, explicitNotification: False)" storage="/private/tmp/portia-pass1-transport-mcp/test/portia.mcptests/bin/release/net10.0/portia.mcptests.dll" id="4be03a8d-0708-1e4b-1682-390432d53ad7">
      <Execution id="dd619e6a-aae5-43f4-89cf-5bf13e3c74dd" />
      <TestMethod codeBase="/private/tmp/portia-pass1-transport-mcp/test/Portia.McpTests/bin/Release/net10.0/Portia.McpTests.dll" adapterTypeName="executor://xunit/VsTestRunner3/netcore/" className="Cntryl.Portia.Tests.McpLifecycleQualificationTests" name="ShouldPropagateCancellationAndSanitizeDeadlinesOnBothTransports" />
    </UnitTest>
    <UnitTest name="Cntryl.Portia.Tests.McpLifecycleQualificationTests.ShouldPropagateCancellationAndSanitizeDeadlinesOnBothTransports(transportName: &quot;stdio&quot;, primitive: &quot;prompt&quot;, deadline: True, explicitNotification: False)" storage="/private/tmp/portia-pass1-transport-mcp/test/portia.mcptests/bin/release/net10.0/portia.mcptests.dll" id="284bf9b8-bc1f-fbcb-b6db-cc1dffb0be89">
      <Execution id="602e5a98-15be-46d0-877a-fb31379293e3" />
      <TestMethod codeBase="/private/tmp/portia-pass1-transport-mcp/test/Portia.McpTests/bin/Release/net10.0/Portia.McpTests.dll" adapterTypeName="executor://xunit/VsTestRunner3/netcore/" className="Cntryl.Portia.Tests.McpLifecycleQualificationTests" name="ShouldPropagateCancellationAndSanitizeDeadlinesOnBothTransports" />
    </UnitTest>
    <UnitTest name="Cntryl.Portia.Tests.McpLifecycleQualificationTests.ShouldCancelMinimalSdkStdioHandler(primitive: &quot;resource&quot;, revision: &quot;2025-11-25&quot;, explicitNotification: True)" storage="/private/tmp/portia-pass1-transport-mcp/test/portia.mcptests/bin/release/net10.0/portia.mcptests.dll" id="c9ea00e4-3dec-83a0-8713-e4641f5b41e5">
      <Execution id="ea939978-74e0-437a-af80-2ea9f92b2c36" />
      <TestMethod codeBase="/private/tmp/portia-pass1-transport-mcp/test/Portia.McpTests/bin/Release/net10.0/Portia.McpTests.dll" adapterTypeName="executor://xunit/VsTestRunner3/netcore/" className="Cntryl.Portia.Tests.McpLifecycleQualificationTests" name="ShouldCancelMinimalSdkStdioHandler" />
    </UnitTest>
    <UnitTest name="Cntryl.Portia.Tests.McpLifecycleQualificationTests.ShouldPropagateCancellationAndSanitizeDeadlinesOnBothTransports(transportName: &quot;stdio&quot;, primitive: &quot;resource&quot;, deadline: False, explicitNotification: False)" storage="/private/tmp/portia-pass1-transport-mcp/test/portia.mcptests/bin/release/net10.0/portia.mcptests.dll" id="85a43b43-4904-9777-2dbc-2f0b75abc75f">
      <Execution id="1c7055d2-2510-4705-86c5-607f203c7648" />
      <TestMethod codeBase="/private/tmp/portia-pass1-transport-mcp/test/Portia.McpTests/bin/Release/net10.0/Portia.McpTests.dll" adapterTypeName="executor://xunit/VsTestRunner3/netcore/" className="Cntryl.Portia.Tests.McpLifecycleQualificationTests" name="ShouldPropagateCancellationAndSanitizeDeadlinesOnBothTransports" />
    </UnitTest>
    <UnitTest name="Cntryl.Portia.Tests.McpLifecycleQualificationTests.ShouldPropagateCancellationAndSanitizeDeadlinesOnBothTransports(transportName: &quot;http&quot;, primitive: &quot;resource&quot;, deadline: True, explicitNotification: False)" storage="/private/tmp/portia-pass1-transport-mcp/test/portia.mcptests/bin/release/net10.0/portia.mcptests.dll" id="e0332e09-0e32-a517-9aa7-27f42b0eada9">
      <Execution id="594c9944-524d-448b-a613-59d8ff138e08" />
      <TestMethod codeBase="/private/tmp/portia-pass1-transport-mcp/test/Portia.McpTests/bin/Release/net10.0/Portia.McpTests.dll" adapterTypeName="executor://xunit/VsTestRunner3/netcore/" className="Cntryl.Portia.Tests.McpLifecycleQualificationTests" name="ShouldPropagateCancellationAndSanitizeDeadlinesOnBothTransports" />
    </UnitTest>
    <UnitTest name="Cntryl.Portia.Tests.McpLifecycleQualificationTests.ShouldCancelMinimalSdkStdioHandler(primitive: &quot;tool&quot;, revision: &quot;2025-11-25&quot;, explicitNotification: True)" storage="/private/tmp/portia-pass1-transport-mcp/test/portia.mcptests/bin/release/net10.0/portia.mcptests.dll" id="278d3e4c-dbcc-37b9-f80c-0e3a6c01de17">
      <Execution id="72249918-95fd-4f38-ad3c-92b8a3e9fe3a" />
      <TestMethod codeBase="/private/tmp/portia-pass1-transport-mcp/test/Portia.McpTests/bin/Release/net10.0/Portia.McpTests.dll" adapterTypeName="executor://xunit/VsTestRunner3/netcore/" className="Cntryl.Portia.Tests.McpLifecycleQualificationTests" name="ShouldCancelMinimalSdkStdioHandler" />
    </UnitTest>
    <UnitTest name="Cntryl.Portia.Tests.McpLifecycleQualificationTests.ShouldPropagateCancellationAndSanitizeDeadlinesOnBothTransports(transportName: &quot;stdio&quot;, primitive: &quot;resource&quot;, deadline: False, explicitNotification: True)" storage="/private/tmp/portia-pass1-transport-mcp/test/portia.mcptests/bin/release/net10.0/portia.mcptests.dll" id="cc67097b-8965-5b22-bf5a-a7701bccd10c">
      <Execution id="30c03ed4-abf7-4cd5-a1e6-836c289254a2" />
      <TestMethod codeBase="/private/tmp/portia-pass1-transport-mcp/test/Portia.McpTests/bin/Release/net10.0/Portia.McpTests.dll" adapterTypeName="executor://xunit/VsTestRunner3/netcore/" className="Cntryl.Portia.Tests.McpLifecycleQualificationTests" name="ShouldPropagateCancellationAndSanitizeDeadlinesOnBothTransports" />
    </UnitTest>
    <UnitTest name="Cntryl.Portia.Tests.McpLifecycleQualificationTests.ShouldCancelMinimalSdkStdioHandler(primitive: &quot;tool&quot;, revision: &quot;2026-07-28&quot;, explicitNotification: True)" storage="/private/tmp/portia-pass1-transport-mcp/test/portia.mcptests/bin/release/net10.0/portia.mcptests.dll" id="35189c40-692e-1549-7b60-c28e9c2ffaed">
      <Execution id="c7cb34a1-1b6f-4fde-a2ea-9b422c3b030e" />
      <TestMethod codeBase="/private/tmp/portia-pass1-transport-mcp/test/Portia.McpTests/bin/Release/net10.0/Portia.McpTests.dll" adapterTypeName="executor://xunit/VsTestRunner3/netcore/" className="Cntryl.Portia.Tests.McpLifecycleQualificationTests" name="ShouldCancelMinimalSdkStdioHandler" />
    </UnitTest>
    <UnitTest name="Cntryl.Portia.Tests.McpLifecycleQualificationTests.ShouldCancelMinimalSdkStdioHandler(primitive: &quot;resource&quot;, revision: &quot;2025-11-25&quot;, explicitNotification: False)" storage="/private/tmp/portia-pass1-transport-mcp/test/portia.mcptests/bin/release/net10.0/portia.mcptests.dll" id="c34d931e-182f-6287-4e80-0e18245aa9cb">
      <Execution id="1ca92689-6c22-4399-859e-7e358d78b0e2" />
      <TestMethod codeBase="/private/tmp/portia-pass1-transport-mcp/test/Portia.McpTests/bin/Release/net10.0/Portia.McpTests.dll" adapterTypeName="executor://xunit/VsTestRunner3/netcore/" className="Cntryl.Portia.Tests.McpLifecycleQualificationTests" name="ShouldCancelMinimalSdkStdioHandler" />
    </UnitTest>
    <UnitTest name="Cntryl.Portia.Tests.McpLifecycleQualificationTests.ShouldCancelMinimalSdkStdioHandler(primitive: &quot;tool&quot;, revision: &quot;2025-11-25&quot;, explicitNotification: False)" storage="/private/tmp/portia-pass1-transport-mcp/test/portia.mcptests/bin/release/net10.0/portia.mcptests.dll" id="b2f7f736-2375-b78d-b0ef-968b32f8f4a9">
      <Execution id="5516b7c4-98ca-4bfb-843d-0085cf5ad477" />
      <TestMethod codeBase="/private/tmp/portia-pass1-transport-mcp/test/Portia.McpTests/bin/Release/net10.0/Portia.McpTests.dll" adapterTypeName="executor://xunit/VsTestRunner3/netcore/" className="Cntryl.Portia.Tests.McpLifecycleQualificationTests" name="ShouldCancelMinimalSdkStdioHandler" />
    </UnitTest>
    <UnitTest name="Cntryl.Portia.Tests.McpLifecycleQualificationTests.ShouldPropagateCancellationAndSanitizeDeadlinesOnBothTransports(transportName: &quot;http&quot;, primitive: &quot;resource&quot;, deadline: False, explicitNotification: False)" storage="/private/tmp/portia-pass1-transport-mcp/test/portia.mcptests/bin/release/net10.0/portia.mcptests.dll" id="6e49ed59-ead7-60db-af49-81f9d58298da">
      <Execution id="6c4c146f-17f7-4d29-9a8e-216b5969088f" />
      <TestMethod codeBase="/private/tmp/portia-pass1-transport-mcp/test/Portia.McpTests/bin/Release/net10.0/Portia.McpTests.dll" adapterTypeName="executor://xunit/VsTestRunner3/netcore/" className="Cntryl.Portia.Tests.McpLifecycleQualificationTests" name="ShouldPropagateCancellationAndSanitizeDeadlinesOnBothTransports" />
    </UnitTest>
    <UnitTest name="Cntryl.Portia.Tests.McpLifecycleQualificationTests.ShouldCancelMinimalSdkStdioHandler(primitive: &quot;tool&quot;, revision: &quot;2026-07-28&quot;, explicitNotification: False)" storage="/private/tmp/portia-pass1-transport-mcp/test/portia.mcptests/bin/release/net10.0/portia.mcptests.dll" id="80626ffb-54f0-1ed6-26c6-1a4787d91195">
      <Execution id="034ec2d1-d681-4d65-a7e7-00d760b3ca1e" />
      <TestMethod codeBase="/private/tmp/portia-pass1-transport-mcp/test/Portia.McpTests/bin/Release/net10.0/Portia.McpTests.dll" adapterTypeName="executor://xunit/VsTestRunner3/netcore/" className="Cntryl.Portia.Tests.McpLifecycleQualificationTests" name="ShouldCancelMinimalSdkStdioHandler" />
    </UnitTest>
    <UnitTest name="Cntryl.Portia.Tests.McpLifecycleQualificationTests.ShouldPropagateCancellationAndSanitizeDeadlinesOnBothTransports(transportName: &quot;stdio&quot;, primitive: &quot;tool&quot;, deadline: False, explicitNotification: True)" storage="/private/tmp/portia-pass1-transport-mcp/test/portia.mcptests/bin/release/net10.0/portia.mcptests.dll" id="56cf3e94-e013-ed20-1e61-c406f6dc4295">
      <Execution id="a5d0991e-c809-4a99-a674-f9dc8f3fc027" />
      <TestMethod codeBase="/private/tmp/portia-pass1-transport-mcp/test/Portia.McpTests/bin/Release/net10.0/Portia.McpTests.dll" adapterTypeName="executor://xunit/VsTestRunner3/netcore/" className="Cntryl.Portia.Tests.McpLifecycleQualificationTests" name="ShouldPropagateCancellationAndSanitizeDeadlinesOnBothTransports" />
    </UnitTest>
    <UnitTest name="Cntryl.Portia.Tests.McpLifecycleQualificationTests.ShouldPropagateCancellationAndSanitizeDeadlinesOnBothTransports(transportName: &quot;http&quot;, primitive: &quot;tool&quot;, deadline: True, explicitNotification: False)" storage="/private/tmp/portia-pass1-transport-mcp/test/portia.mcptests/bin/release/net10.0/portia.mcptests.dll" id="1530b72d-1ad6-0e3b-2565-236438f8e24c">
      <Execution id="3f907186-41dc-41e8-9367-4a2cf9e0d8f0" />
      <TestMethod codeBase="/private/tmp/portia-pass1-transport-mcp/test/Portia.McpTests/bin/Release/net10.0/Portia.McpTests.dll" adapterTypeName="executor://xunit/VsTestRunner3/netcore/" className="Cntryl.Portia.Tests.McpLifecycleQualificationTests" name="ShouldPropagateCancellationAndSanitizeDeadlinesOnBothTransports" />
    </UnitTest>
    <UnitTest name="Cntryl.Portia.Tests.McpLifecycleQualificationTests.ShouldPropagateCancellationAndSanitizeDeadlinesOnBothTransports(transportName: &quot;stdio&quot;, primitive: &quot;resource&quot;, deadline: True, explicitNotification: False)" storage="/private/tmp/portia-pass1-transport-mcp/test/portia.mcptests/bin/release/net10.0/portia.mcptests.dll" id="b544286d-ef6b-a73a-e36c-a5fa79a3bd24">
      <Execution id="e19131d7-cc67-451a-9b8b-9604578f7793" />
      <TestMethod codeBase="/private/tmp/portia-pass1-transport-mcp/test/Portia.McpTests/bin/Release/net10.0/Portia.McpTests.dll" adapterTypeName="executor://xunit/VsTestRunner3/netcore/" className="Cntryl.Portia.Tests.McpLifecycleQualificationTests" name="ShouldPropagateCancellationAndSanitizeDeadlinesOnBothTransports" />
    </UnitTest>
    <UnitTest name="Cntryl.Portia.Tests.McpLifecycleQualificationTests.ShouldCancelMinimalSdkStdioHandler(primitive: &quot;prompt&quot;, revision: &quot;2025-11-25&quot;, explicitNotification: True)" storage="/private/tmp/portia-pass1-transport-mcp/test/portia.mcptests/bin/release/net10.0/portia.mcptests.dll" id="29be9bf3-6151-11f3-dabf-2495d036107f">
      <Execution id="c81e5a56-7b4c-48f1-97ba-fd1571ce8b71" />
      <TestMethod codeBase="/private/tmp/portia-pass1-transport-mcp/test/Portia.McpTests/bin/Release/net10.0/Portia.McpTests.dll" adapterTypeName="executor://xunit/VsTestRunner3/netcore/" className="Cntryl.Portia.Tests.McpLifecycleQualificationTests" name="ShouldCancelMinimalSdkStdioHandler" />
    </UnitTest>
    <UnitTest name="Cntryl.Portia.Tests.McpLifecycleQualificationTests.ShouldCancelMinimalSdkStdioHandler(primitive: &quot;prompt&quot;, revision: &quot;2026-07-28&quot;, explicitNotification: False)" storage="/private/tmp/portia-pass1-transport-mcp/test/portia.mcptests/bin/release/net10.0/portia.mcptests.dll" id="85fa3c50-efdc-7ae3-bd07-1ff91efd9dd5">
      <Execution id="3fe3d6a3-a5c7-41d3-9e19-550c041926b9" />
      <TestMethod codeBase="/private/tmp/portia-pass1-transport-mcp/test/Portia.McpTests/bin/Release/net10.0/Portia.McpTests.dll" adapterTypeName="executor://xunit/VsTestRunner3/netcore/" className="Cntryl.Portia.Tests.McpLifecycleQualificationTests" name="ShouldCancelMinimalSdkStdioHandler" />
    </UnitTest>
    <UnitTest name="Cntryl.Portia.Tests.McpLifecycleQualificationTests.ShouldPropagateCancellationAndSanitizeDeadlinesOnBothTransports(transportName: &quot;stdio&quot;, primitive: &quot;tool&quot;, deadline: False, explicitNotification: False)" storage="/private/tmp/portia-pass1-transport-mcp/test/portia.mcptests/bin/release/net10.0/portia.mcptests.dll" id="4715724e-246e-bbf3-3cc6-2c982a837417">
      <Execution id="f05297e5-9f7b-4ed4-964a-c8b779f468f1" />
      <TestMethod codeBase="/private/tmp/portia-pass1-transport-mcp/test/Portia.McpTests/bin/Release/net10.0/Portia.McpTests.dll" adapterTypeName="executor://xunit/VsTestRunner3/netcore/" className="Cntryl.Portia.Tests.McpLifecycleQualificationTests" name="ShouldPropagateCancellationAndSanitizeDeadlinesOnBothTransports" />
    </UnitTest>
    <UnitTest name="Cntryl.Portia.Tests.McpLifecycleQualificationTests.ShouldCancelMinimalSdkStdioHandler(primitive: &quot;prompt&quot;, revision: &quot;2025-11-25&quot;, explicitNotification: False)" storage="/private/tmp/portia-pass1-transport-mcp/test/portia.mcptests/bin/release/net10.0/portia.mcptests.dll" id="56b6d1cf-e2ed-2ec4-118d-18049261404a">
      <Execution id="47d61c30-3388-4f9b-9300-f01a3de35e34" />
      <TestMethod codeBase="/private/tmp/portia-pass1-transport-mcp/test/Portia.McpTests/bin/Release/net10.0/Portia.McpTests.dll" adapterTypeName="executor://xunit/VsTestRunner3/netcore/" className="Cntryl.Portia.Tests.McpLifecycleQualificationTests" name="ShouldCancelMinimalSdkStdioHandler" />
    </UnitTest>
    <UnitTest name="Cntryl.Portia.Tests.McpLifecycleQualificationTests.ShouldPropagateCancellationAndSanitizeDeadlinesOnBothTransports(transportName: &quot;http&quot;, primitive: &quot;prompt&quot;, deadline: True, explicitNotification: False)" storage="/private/tmp/portia-pass1-transport-mcp/test/portia.mcptests/bin/release/net10.0/portia.mcptests.dll" id="fc070ff4-5a17-e17b-eb9d-14e93428514d">
      <Execution id="0cb907a5-dfc8-47a8-81b3-6a5249b276d6" />
      <TestMethod codeBase="/private/tmp/portia-pass1-transport-mcp/test/Portia.McpTests/bin/Release/net10.0/Portia.McpTests.dll" adapterTypeName="executor://xunit/VsTestRunner3/netcore/" className="Cntryl.Portia.Tests.McpLifecycleQualificationTests" name="ShouldPropagateCancellationAndSanitizeDeadlinesOnBothTransports" />
    </UnitTest>
    <UnitTest name="Cntryl.Portia.Tests.McpLifecycleQualificationTests.ShouldPropagateCancellationAndSanitizeDeadlinesOnBothTransports(transportName: &quot;stdio&quot;, primitive: &quot;prompt&quot;, deadline: False, explicitNotification: False)" storage="/private/tmp/portia-pass1-transport-mcp/test/portia.mcptests/bin/release/net10.0/portia.mcptests.dll" id="86d0ec7c-500a-82fd-e901-9a867908145c">
      <Execution id="cf68106a-6294-4b92-bd8d-ade24b8baa15" />
      <TestMethod codeBase="/private/tmp/portia-pass1-transport-mcp/test/Portia.McpTests/bin/Release/net10.0/Portia.McpTests.dll" adapterTypeName="executor://xunit/VsTestRunner3/netcore/" className="Cntryl.Portia.Tests.McpLifecycleQualificationTests" name="ShouldPropagateCancellationAndSanitizeDeadlinesOnBothTransports" />
    </UnitTest>
    <UnitTest name="Cntryl.Portia.Tests.McpLifecycleQualificationTests.ShouldCancelMinimalSdkStdioHandler(primitive: &quot;resource&quot;, revision: &quot;2026-07-28&quot;, explicitNotification: True)" storage="/private/tmp/portia-pass1-transport-mcp/test/portia.mcptests/bin/release/net10.0/portia.mcptests.dll" id="49e3135e-3317-41ee-74f6-1a4fe649e2b4">
      <Execution id="7e154f7d-d90d-4fd4-91cb-533b90adec1d" />
      <TestMethod codeBase="/private/tmp/portia-pass1-transport-mcp/test/Portia.McpTests/bin/Release/net10.0/Portia.McpTests.dll" adapterTypeName="executor://xunit/VsTestRunner3/netcore/" className="Cntryl.Portia.Tests.McpLifecycleQualificationTests" name="ShouldCancelMinimalSdkStdioHandler" />
    </UnitTest>
    <UnitTest name="Cntryl.Portia.Tests.McpLifecycleQualificationTests.ShouldPropagateCancellationAndSanitizeDeadlinesOnBothTransports(transportName: &quot;http&quot;, primitive: &quot;prompt&quot;, deadline: False, explicitNotification: False)" storage="/private/tmp/portia-pass1-transport-mcp/test/portia.mcptests/bin/release/net10.0/portia.mcptests.dll" id="fac9a33c-900d-2bf2-1225-9f804b0384a3">
      <Execution id="35e99a93-31a3-4068-ac71-cf8fcf459a39" />
      <TestMethod codeBase="/private/tmp/portia-pass1-transport-mcp/test/Portia.McpTests/bin/Release/net10.0/Portia.McpTests.dll" adapterTypeName="executor://xunit/VsTestRunner3/netcore/" className="Cntryl.Portia.Tests.McpLifecycleQualificationTests" name="ShouldPropagateCancellationAndSanitizeDeadlinesOnBothTransports" />
    </UnitTest>
  </TestDefinitions>
  <TestEntries>
    <TestEntry testId="c34d931e-182f-6287-4e80-0e18245aa9cb" executionId="1ca92689-6c22-4399-859e-7e358d78b0e2" testListId="8c84fa94-04c1-424b-9868-57a2d4851a1d" />
    <TestEntry testId="fc070ff4-5a17-e17b-eb9d-14e93428514d" executionId="0cb907a5-dfc8-47a8-81b3-6a5249b276d6" testListId="8c84fa94-04c1-424b-9868-57a2d4851a1d" />
    <TestEntry testId="b544286d-ef6b-a73a-e36c-a5fa79a3bd24" executionId="e19131d7-cc67-451a-9b8b-9604578f7793" testListId="8c84fa94-04c1-424b-9868-57a2d4851a1d" />
    <TestEntry testId="6e49ed59-ead7-60db-af49-81f9d58298da" executionId="6c4c146f-17f7-4d29-9a8e-216b5969088f" testListId="8c84fa94-04c1-424b-9868-57a2d4851a1d" />
    <TestEntry testId="98838be2-2fb4-586f-0fcc-cd97b833dbe6" executionId="2df1839f-23db-4909-80e1-ecb2246c2b29" testListId="8c84fa94-04c1-424b-9868-57a2d4851a1d" />
    <TestEntry testId="9b27b1ab-16d3-d516-6504-592ee85d3675" executionId="6584277e-e5aa-4470-9225-594f2c13b862" testListId="8c84fa94-04c1-424b-9868-57a2d4851a1d" />
    <TestEntry testId="1dfd2f22-0eae-a1d3-1819-4fae48f39e07" executionId="eb6f6ba9-c84b-4de3-af12-5ae22862cfce" testListId="8c84fa94-04c1-424b-9868-57a2d4851a1d" />
    <TestEntry testId="fac9a33c-900d-2bf2-1225-9f804b0384a3" executionId="35e99a93-31a3-4068-ac71-cf8fcf459a39" testListId="8c84fa94-04c1-424b-9868-57a2d4851a1d" />
    <TestEntry testId="1530b72d-1ad6-0e3b-2565-236438f8e24c" executionId="3f907186-41dc-41e8-9367-4a2cf9e0d8f0" testListId="8c84fa94-04c1-424b-9868-57a2d4851a1d" />
    <TestEntry testId="56b6d1cf-e2ed-2ec4-118d-18049261404a" executionId="47d61c30-3388-4f9b-9300-f01a3de35e34" testListId="8c84fa94-04c1-424b-9868-57a2d4851a1d" />
    <TestEntry testId="29be9bf3-6151-11f3-dabf-2495d036107f" executionId="c81e5a56-7b4c-48f1-97ba-fd1571ce8b71" testListId="8c84fa94-04c1-424b-9868-57a2d4851a1d" />
    <TestEntry testId="c9ea00e4-3dec-83a0-8713-e4641f5b41e5" executionId="ea939978-74e0-437a-af80-2ea9f92b2c36" testListId="8c84fa94-04c1-424b-9868-57a2d4851a1d" />
    <TestEntry testId="4715724e-246e-bbf3-3cc6-2c982a837417" executionId="f05297e5-9f7b-4ed4-964a-c8b779f468f1" testListId="8c84fa94-04c1-424b-9868-57a2d4851a1d" />
    <TestEntry testId="85a43b43-4904-9777-2dbc-2f0b75abc75f" executionId="1c7055d2-2510-4705-86c5-607f203c7648" testListId="8c84fa94-04c1-424b-9868-57a2d4851a1d" />
    <TestEntry testId="56cf3e94-e013-ed20-1e61-c406f6dc4295" executionId="a5d0991e-c809-4a99-a674-f9dc8f3fc027" testListId="8c84fa94-04c1-424b-9868-57a2d4851a1d" />
    <TestEntry testId="278d3e4c-dbcc-37b9-f80c-0e3a6c01de17" executionId="72249918-95fd-4f38-ad3c-92b8a3e9fe3a" testListId="8c84fa94-04c1-424b-9868-57a2d4851a1d" />
    <TestEntry testId="80626ffb-54f0-1ed6-26c6-1a4787d91195" executionId="034ec2d1-d681-4d65-a7e7-00d760b3ca1e" testListId="8c84fa94-04c1-424b-9868-57a2d4851a1d" />
    <TestEntry testId="e0332e09-0e32-a517-9aa7-27f42b0eada9" executionId="594c9944-524d-448b-a613-59d8ff138e08" testListId="8c84fa94-04c1-424b-9868-57a2d4851a1d" />
    <TestEntry testId="35189c40-692e-1549-7b60-c28e9c2ffaed" executionId="c7cb34a1-1b6f-4fde-a2ea-9b422c3b030e" testListId="8c84fa94-04c1-424b-9868-57a2d4851a1d" />
    <TestEntry testId="85fa3c50-efdc-7ae3-bd07-1ff91efd9dd5" executionId="3fe3d6a3-a5c7-41d3-9e19-550c041926b9" testListId="8c84fa94-04c1-424b-9868-57a2d4851a1d" />
    <TestEntry testId="cc67097b-8965-5b22-bf5a-a7701bccd10c" executionId="30c03ed4-abf7-4cd5-a1e6-836c289254a2" testListId="8c84fa94-04c1-424b-9868-57a2d4851a1d" />
    <TestEntry testId="a9635ff5-bfaf-eaf3-a0e3-eb3137399d01" executionId="5c2adbc8-b2da-4d0c-867b-1554ad3fb593" testListId="8c84fa94-04c1-424b-9868-57a2d4851a1d" />
    <TestEntry testId="86d0ec7c-500a-82fd-e901-9a867908145c" executionId="cf68106a-6294-4b92-bd8d-ade24b8baa15" testListId="8c84fa94-04c1-424b-9868-57a2d4851a1d" />
    <TestEntry testId="4be03a8d-0708-1e4b-1682-390432d53ad7" executionId="dd619e6a-aae5-43f4-89cf-5bf13e3c74dd" testListId="8c84fa94-04c1-424b-9868-57a2d4851a1d" />
    <TestEntry testId="49e3135e-3317-41ee-74f6-1a4fe649e2b4" executionId="7e154f7d-d90d-4fd4-91cb-533b90adec1d" testListId="8c84fa94-04c1-424b-9868-57a2d4851a1d" />
    <TestEntry testId="284bf9b8-bc1f-fbcb-b6db-cc1dffb0be89" executionId="602e5a98-15be-46d0-877a-fb31379293e3" testListId="8c84fa94-04c1-424b-9868-57a2d4851a1d" />
    <TestEntry testId="b2f7f736-2375-b78d-b0ef-968b32f8f4a9" executionId="5516b7c4-98ca-4bfb-843d-0085cf5ad477" testListId="8c84fa94-04c1-424b-9868-57a2d4851a1d" />
  </TestEntries>
  <TestLists>
    <TestList name="Results Not in a List" id="8c84fa94-04c1-424b-9868-57a2d4851a1d" />
    <TestList name="All Loaded Results" id="19431567-8539-422a-85d7-44ee4e166bda" />
  </TestLists>
  <ResultSummary outcome="Failed">
    <Counters total="27" executed="27" passed="15" failed="12" error="0" timeout="0" aborted="0" inconclusive="0" passedButRunAborted="0" notRunnable="0" notExecuted="0" disconnected="0" warning="0" completed="0" inProgress="0" pending="0" />
    <Output>
      <StdOut>[xUnit.net 00:00:00.00] xUnit.net VSTest Adapter v4.0.0+05679a7ab5 (64-bit .NET 10.0.11)
[xUnit.net 00:00:00.05]   Discovering: Portia.McpTests
[xUnit.net 00:00:00.10]   Discovered:  Portia.McpTests
[xUnit.net 00:00:00.12]   Starting:    Portia.McpTests
[xUnit.net 00:00:05.51]       http tool: lifecycle condition did not complete; evidence: /var/folders/dg/rh2n13nx6cqgwpb8lkkxsgy80000gn/T/portia-lifecycle-http-tool-False-False-45642cc632884fc4bed5a268ef572395
[xUnit.net 00:00:05.51]       Stack Trace:
[xUnit.net 00:00:05.51]         /private/tmp/portia-pass1-transport-mcp/test/Portia.McpTests/Registration/McpLifecycleQualificationTests.cs(270,0): at Cntryl.Portia.Tests.McpLifecycleQualificationTests.&lt;&gt;c__DisplayClass2_0.&lt;&lt;ShouldPropagateCancellationAndSanitizeDeadlinesOnBothTransports&gt;g__PollAsync|15&gt;d.MoveNext()
[xUnit.net 00:00:05.51]         --- End of stack trace from previous location ---
[xUnit.net 00:00:05.51]         /private/tmp/portia-pass1-transport-mcp/test/Portia.McpTests/Registration/McpLifecycleQualificationTests.cs(168,0): at Cntryl.Portia.Tests.McpLifecycleQualificationTests.ShouldPropagateCancellationAndSanitizeDeadlinesOnBothTransports(String transportName, String primitive, Boolean deadline, Boolean explicitNotification)
[xUnit.net 00:00:05.51]         /private/tmp/portia-pass1-transport-mcp/test/Portia.McpTests/Registration/McpLifecycleQualificationTests.cs(194,0): at Cntryl.Portia.Tests.McpLifecycleQualificationTests.ShouldPropagateCancellationAndSanitizeDeadlinesOnBothTransports(String transportName, String primitive, Boolean deadline, Boolean explicitNotification)
[xUnit.net 00:00:05.51]         /private/tmp/portia-pass1-transport-mcp/test/Portia.McpTests/Registration/McpLifecycleQualificationTests.cs(194,0): at Cntryl.Portia.Tests.McpLifecycleQualificationTests.ShouldPropagateCancellationAndSanitizeDeadlinesOnBothTransports(String transportName, String primitive, Boolean deadline, Boolean explicitNotification)
[xUnit.net 00:00:05.51]         --- End of stack trace from previous location ---
[xUnit.net 00:00:10.65]       http prompt: lifecycle condition did not complete; evidence: /var/folders/dg/rh2n13nx6cqgwpb8lkkxsgy80000gn/T/portia-lifecycle-http-prompt-False-False-7dbfd03b0b9c4aa5b2a047a7b0ebceb1
[xUnit.net 00:00:10.65]       Stack Trace:
[xUnit.net 00:00:10.65]         /private/tmp/portia-pass1-transport-mcp/test/Portia.McpTests/Registration/McpLifecycleQualificationTests.cs(270,0): at Cntryl.Portia.Tests.McpLifecycleQualificationTests.&lt;&gt;c__DisplayClass2_0.&lt;&lt;ShouldPropagateCancellationAndSanitizeDeadlinesOnBothTransports&gt;g__PollAsync|15&gt;d.MoveNext()
[xUnit.net 00:00:10.65]         --- End of stack trace from previous location ---
[xUnit.net 00:00:10.65]         /private/tmp/portia-pass1-transport-mcp/test/Portia.McpTests/Registration/McpLifecycleQualificationTests.cs(168,0): at Cntryl.Portia.Tests.McpLifecycleQualificationTests.ShouldPropagateCancellationAndSanitizeDeadlinesOnBothTransports(String transportName, String primitive, Boolean deadline, Boolean explicitNotification)
[xUnit.net 00:00:10.65]         /private/tmp/portia-pass1-transport-mcp/test/Portia.McpTests/Registration/McpLifecycleQualificationTests.cs(194,0): at Cntryl.Portia.Tests.McpLifecycleQualificationTests.ShouldPropagateCancellationAndSanitizeDeadlinesOnBothTransports(String transportName, String primitive, Boolean deadline, Boolean explicitNotification)
[xUnit.net 00:00:10.65]         /private/tmp/portia-pass1-transport-mcp/test/Portia.McpTests/Registration/McpLifecycleQualificationTests.cs(194,0): at Cntryl.Portia.Tests.McpLifecycleQualificationTests.ShouldPropagateCancellationAndSanitizeDeadlinesOnBothTransports(String transportName, String primitive, Boolean deadline, Boolean explicitNotification)
[xUnit.net 00:00:10.65]         --- End of stack trace from previous location ---
[xUnit.net 00:00:17.14]       stdio resource: lifecycle condition did not complete; evidence: /var/folders/dg/rh2n13nx6cqgwpb8lkkxsgy80000gn/T/portia-lifecycle-stdio-resource-False-False-7291db54aaca4aeab85fe7330c75405c
[xUnit.net 00:00:17.14]       Stack Trace:
[xUnit.net 00:00:17.14]         /private/tmp/portia-pass1-transport-mcp/test/Portia.McpTests/Registration/McpLifecycleQualificationTests.cs(270,0): at Cntryl.Portia.Tests.McpLifecycleQualificationTests.&lt;&gt;c__DisplayClass2_0.&lt;&lt;ShouldPropagateCancellationAndSanitizeDeadlinesOnBothTransports&gt;g__PollAsync|15&gt;d.MoveNext()
[xUnit.net 00:00:17.14]         --- End of stack trace from previous location ---
[xUnit.net 00:00:17.14]         /private/tmp/portia-pass1-transport-mcp/test/Portia.McpTests/Registration/McpLifecycleQualificationTests.cs(168,0): at Cntryl.Portia.Tests.McpLifecycleQualificationTests.ShouldPropagateCancellationAndSanitizeDeadlinesOnBothTransports(String transportName, String primitive, Boolean deadline, Boolean explicitNotification)
[xUnit.net 00:00:17.14]         /private/tmp/portia-pass1-transport-mcp/test/Portia.McpTests/Registration/McpLifecycleQualificationTests.cs(194,0): at Cntryl.Portia.Tests.McpLifecycleQualificationTests.ShouldPropagateCancellationAndSanitizeDeadlinesOnBothTransports(String transportName, String primitive, Boolean deadline, Boolean explicitNotification)
[xUnit.net 00:00:17.14]         /private/tmp/portia-pass1-transport-mcp/test/Portia.McpTests/Registration/McpLifecycleQualificationTests.cs(194,0): at Cntryl.Portia.Tests.McpLifecycleQualificationTests.ShouldPropagateCancellationAndSanitizeDeadlinesOnBothTransports(String transportName, String primitive, Boolean deadline, Boolean explicitNotification)
[xUnit.net 00:00:17.14]         --- End of stack trace from previous location ---
[xUnit.net 00:00:24.44]       http resource: lifecycle condition did not complete; evidence: /var/folders/dg/rh2n13nx6cqgwpb8lkkxsgy80000gn/T/portia-lifecycle-http-resource-False-False-fe454e3a73924a1a8945e5bf4a3fa9d4
[xUnit.net 00:00:24.44]       Stack Trace:
[xUnit.net 00:00:24.44]         /private/tmp/portia-pass1-transport-mcp/test/Portia.McpTests/Registration/McpLifecycleQualificationTests.cs(270,0): at Cntryl.Portia.Tests.McpLifecycleQualificationTests.&lt;&gt;c__DisplayClass2_0.&lt;&lt;ShouldPropagateCancellationAndSanitizeDeadlinesOnBothTransports&gt;g__PollAsync|15&gt;d.MoveNext()
[xUnit.net 00:00:24.44]         --- End of stack trace from previous location ---
[xUnit.net 00:00:24.44]         /private/tmp/portia-pass1-transport-mcp/test/Portia.McpTests/Registration/McpLifecycleQualificationTests.cs(168,0): at Cntryl.Portia.Tests.McpLifecycleQualificationTests.ShouldPropagateCancellationAndSanitizeDeadlinesOnBothTransports(String transportName, String primitive, Boolean deadline, Boolean explicitNotification)
[xUnit.net 00:00:24.44]         /private/tmp/portia-pass1-transport-mcp/test/Portia.McpTests/Registration/McpLifecycleQualificationTests.cs(194,0): at Cntryl.Portia.Tests.McpLifecycleQualificationTests.ShouldPropagateCancellationAndSanitizeDeadlinesOnBothTransports(String transportName, String primitive, Boolean deadline, Boolean explicitNotification)
[xUnit.net 00:00:24.44]         /private/tmp/portia-pass1-transport-mcp/test/Portia.McpTests/Registration/McpLifecycleQualificationTests.cs(194,0): at Cntryl.Portia.Tests.McpLifecycleQualificationTests.ShouldPropagateCancellationAndSanitizeDeadlinesOnBothTransports(String transportName, String primitive, Boolean deadline, Boolean explicitNotification)
[xUnit.net 00:00:24.44]         --- End of stack trace from previous location ---
[xUnit.net 00:00:34.91]       stdio tool: lifecycle condition did not complete; evidence: /var/folders/dg/rh2n13nx6cqgwpb8lkkxsgy80000gn/T/portia-lifecycle-stdio-tool-False-False-6181163524f94797b14a501f9221f3b9
[xUnit.net 00:00:34.91]       Stack Trace:
[xUnit.net 00:00:34.91]         /private/tmp/portia-pass1-transport-mcp/test/Portia.McpTests/Registration/McpLifecycleQualificationTests.cs(270,0): at Cntryl.Portia.Tests.McpLifecycleQualificationTests.&lt;&gt;c__DisplayClass2_0.&lt;&lt;ShouldPropagateCancellationAndSanitizeDeadlinesOnBothTransports&gt;g__PollAsync|15&gt;d.MoveNext()
[xUnit.net 00:00:34.91]         --- End of stack trace from previous location ---
[xUnit.net 00:00:34.91]         /private/tmp/portia-pass1-transport-mcp/test/Portia.McpTests/Registration/McpLifecycleQualificationTests.cs(168,0): at Cntryl.Portia.Tests.McpLifecycleQualificationTests.ShouldPropagateCancellationAndSanitizeDeadlinesOnBothTransports(String transportName, String primitive, Boolean deadline, Boolean explicitNotification)
[xUnit.net 00:00:34.91]         /private/tmp/portia-pass1-transport-mcp/test/Portia.McpTests/Registration/McpLifecycleQualificationTests.cs(194,0): at Cntryl.Portia.Tests.McpLifecycleQualificationTests.ShouldPropagateCancellationAndSanitizeDeadlinesOnBothTransports(String transportName, String primitive, Boolean deadline, Boolean explicitNotification)
[xUnit.net 00:00:34.91]         /private/tmp/portia-pass1-transport-mcp/test/Portia.McpTests/Registration/McpLifecycleQualificationTests.cs(194,0): at Cntryl.Portia.Tests.McpLifecycleQualificationTests.ShouldPropagateCancellationAndSanitizeDeadlinesOnBothTransports(String transportName, String primitive, Boolean deadline, Boolean explicitNotification)
[xUnit.net 00:00:34.91]         --- End of stack trace from previous location ---
[xUnit.net 00:00:41.37]       stdio prompt: lifecycle condition did not complete; evidence: /var/folders/dg/rh2n13nx6cqgwpb8lkkxsgy80000gn/T/portia-lifecycle-stdio-prompt-False-False-f1f9960bd2b148e4a887572b9218140f
[xUnit.net 00:00:41.37]       Stack Trace:
[xUnit.net 00:00:41.37]         /private/tmp/portia-pass1-transport-mcp/test/Portia.McpTests/Registration/McpLifecycleQualificationTests.cs(270,0): at Cntryl.Portia.Tests.McpLifecycleQualificationTests.&lt;&gt;c__DisplayClass2_0.&lt;&lt;ShouldPropagateCancellationAndSanitizeDeadlinesOnBothTransports&gt;g__PollAsync|15&gt;d.MoveNext()
[xUnit.net 00:00:41.37]         --- End of stack trace from previous location ---
[xUnit.net 00:00:41.37]         /private/tmp/portia-pass1-transport-mcp/test/Portia.McpTests/Registration/McpLifecycleQualificationTests.cs(168,0): at Cntryl.Portia.Tests.McpLifecycleQualificationTests.ShouldPropagateCancellationAndSanitizeDeadlinesOnBothTransports(String transportName, String primitive, Boolean deadline, Boolean explicitNotification)
[xUnit.net 00:00:41.37]         /private/tmp/portia-pass1-transport-mcp/test/Portia.McpTests/Registration/McpLifecycleQualificationTests.cs(194,0): at Cntryl.Portia.Tests.McpLifecycleQualificationTests.ShouldPropagateCancellationAndSanitizeDeadlinesOnBothTransports(String transportName, String primitive, Boolean deadline, Boolean explicitNotification)
[xUnit.net 00:00:41.37]         /private/tmp/portia-pass1-transport-mcp/test/Portia.McpTests/Registration/McpLifecycleQualificationTests.cs(194,0): at Cntryl.Portia.Tests.McpLifecycleQualificationTests.ShouldPropagateCancellationAndSanitizeDeadlinesOnBothTransports(String transportName, String primitive, Boolean deadline, Boolean explicitNotification)
[xUnit.net 00:00:41.37]         --- End of stack trace from previous location ---
[xUnit.net 00:00:57.49]       SDK 2026-07-28 tool: missing disposed; protocol evidence: /var/folders/dg/rh2n13nx6cqgwpb8lkkxsgy80000gn/T/portia-sdk-cancellation-tool-2026-07-28-False-ff29713085f443cfb9862ce25bfe7d80
[xUnit.net 00:00:57.49]       Stack Trace:
[xUnit.net 00:00:57.49]         /private/tmp/portia-pass1-transport-mcp/test/Portia.McpTests/Registration/McpLifecycleQualificationTests.cs(76,0): at Cntryl.Portia.Tests.McpLifecycleQualificationTests.&lt;&gt;c__DisplayClass0_0.&lt;&lt;ShouldCancelMinimalSdkStdioHandler&gt;g__PollAsync|5&gt;d.MoveNext()
[xUnit.net 00:00:57.49]         --- End of stack trace from previous location ---
[xUnit.net 00:00:57.49]         /private/tmp/portia-pass1-transport-mcp/test/Portia.McpTests/Registration/McpLifecycleQualificationTests.cs(59,0): at Cntryl.Portia.Tests.McpLifecycleQualificationTests.ShouldCancelMinimalSdkStdioHandler(String primitive, String revision, Boolean explicitNotification)
[xUnit.net 00:00:57.49]         /private/tmp/portia-pass1-transport-mcp/test/Portia.McpTests/Registration/McpLifecycleQualificationTests.cs(65,0): at Cntryl.Portia.Tests.McpLifecycleQualificationTests.ShouldCancelMinimalSdkStdioHandler(String primitive, String revision, Boolean explicitNotification)
[xUnit.net 00:00:57.49]         --- End of stack trace from previous location ---
[xUnit.net 00:01:09.80]       SDK 2026-07-28 prompt: missing disposed; protocol evidence: /var/folders/dg/rh2n13nx6cqgwpb8lkkxsgy80000gn/T/portia-sdk-cancellation-prompt-2026-07-28-False-d7583778c81b42de9acf93af98016314
[xUnit.net 00:01:09.80]       Stack Trace:
[xUnit.net 00:01:09.80]         /private/tmp/portia-pass1-transport-mcp/test/Portia.McpTests/Registration/McpLifecycleQualificationTests.cs(76,0): at Cntryl.Portia.Tests.McpLifecycleQualificationTests.&lt;&gt;c__DisplayClass0_0.&lt;&lt;ShouldCancelMinimalSdkStdioHandler&gt;g__PollAsync|5&gt;d.MoveNext()
[xUnit.net 00:01:09.80]         --- End of stack trace from previous location ---
[xUnit.net 00:01:09.80]         /private/tmp/portia-pass1-transport-mcp/test/Portia.McpTests/Registration/McpLifecycleQualificationTests.cs(59,0): at Cntryl.Portia.Tests.McpLifecycleQualificationTests.ShouldCancelMinimalSdkStdioHandler(String primitive, String revision, Boolean explicitNotification)
[xUnit.net 00:01:09.80]         /private/tmp/portia-pass1-transport-mcp/test/Portia.McpTests/Registration/McpLifecycleQualificationTests.cs(65,0): at Cntryl.Portia.Tests.McpLifecycleQualificationTests.ShouldCancelMinimalSdkStdioHandler(String primitive, String revision, Boolean explicitNotification)
[xUnit.net 00:01:09.80]         --- End of stack trace from previous location ---
[xUnit.net 00:01:25.91]       SDK 2026-07-28 resource: missing disposed; protocol evidence: /var/folders/dg/rh2n13nx6cqgwpb8lkkxsgy80000gn/T/portia-sdk-cancellation-resource-2026-07-28-False-80d5260b6f6242b3af8d123286e1a669
[xUnit.net 00:01:25.91]       Stack Trace:
[xUnit.net 00:01:25.91]         /private/tmp/portia-pass1-transport-mcp/test/Portia.McpTests/Registration/McpLifecycleQualificationTests.cs(76,0): at Cntryl.Portia.Tests.McpLifecycleQualificationTests.&lt;&gt;c__DisplayClass0_0.&lt;&lt;ShouldCancelMinimalSdkStdioHandler&gt;g__PollAsync|5&gt;d.MoveNext()
[xUnit.net 00:01:25.91]         --- End of stack trace from previous location ---
[xUnit.net 00:01:25.91]         /private/tmp/portia-pass1-transport-mcp/test/Portia.McpTests/Registration/McpLifecycleQualificationTests.cs(59,0): at Cntryl.Portia.Tests.McpLifecycleQualificationTests.ShouldCancelMinimalSdkStdioHandler(String primitive, String revision, Boolean explicitNotification)
[xUnit.net 00:01:25.91]         /private/tmp/portia-pass1-transport-mcp/test/Portia.McpTests/Registration/McpLifecycleQualificationTests.cs(65,0): at Cntryl.Portia.Tests.McpLifecycleQualificationTests.ShouldCancelMinimalSdkStdioHandler(String primitive, String revision, Boolean explicitNotification)
[xUnit.net 00:01:25.91]         --- End of stack trace from previous location ---
[xUnit.net 00:01:36.93]       SDK 2025-11-25 tool: missing disposed; protocol evidence: /var/folders/dg/rh2n13nx6cqgwpb8lkkxsgy80000gn/T/portia-sdk-cancellation-tool-2025-11-25-False-f9c57e09b5924547912f50946322b5e1
[xUnit.net 00:01:36.93]       Stack Trace:
[xUnit.net 00:01:36.93]         /private/tmp/portia-pass1-transport-mcp/test/Portia.McpTests/Registration/McpLifecycleQualificationTests.cs(76,0): at Cntryl.Portia.Tests.McpLifecycleQualificationTests.&lt;&gt;c__DisplayClass0_0.&lt;&lt;ShouldCancelMinimalSdkStdioHandler&gt;g__PollAsync|5&gt;d.MoveNext()
[xUnit.net 00:01:36.93]         --- End of stack trace from previous location ---
[xUnit.net 00:01:36.93]         /private/tmp/portia-pass1-transport-mcp/test/Portia.McpTests/Registration/McpLifecycleQualificationTests.cs(59,0): at Cntryl.Portia.Tests.McpLifecycleQualificationTests.ShouldCancelMinimalSdkStdioHandler(String primitive, String revision, Boolean explicitNotification)
[xUnit.net 00:01:36.93]         /private/tmp/portia-pass1-transport-mcp/test/Portia.McpTests/Registration/McpLifecycleQualificationTests.cs(65,0): at Cntryl.Portia.Tests.McpLifecycleQualificationTests.ShouldCancelMinimalSdkStdioHandler(String primitive, String revision, Boolean explicitNotification)
[xUnit.net 00:01:36.93]         --- End of stack trace from previous location ---
[xUnit.net 00:01:47.95]       SDK 2025-11-25 resource: missing disposed; protocol evidence: /var/folders/dg/rh2n13nx6cqgwpb8lkkxsgy80000gn/T/portia-sdk-cancellation-resource-2025-11-25-False-89fcbc4ea6e74044840b56bb3c052521
[xUnit.net 00:01:47.95]       Stack Trace:
[xUnit.net 00:01:47.95]         /private/tmp/portia-pass1-transport-mcp/test/Portia.McpTests/Registration/McpLifecycleQualificationTests.cs(76,0): at Cntryl.Portia.Tests.McpLifecycleQualificationTests.&lt;&gt;c__DisplayClass0_0.&lt;&lt;ShouldCancelMinimalSdkStdioHandler&gt;g__PollAsync|5&gt;d.MoveNext()
[xUnit.net 00:01:47.95]         --- End of stack trace from previous location ---
[xUnit.net 00:01:47.95]         /private/tmp/portia-pass1-transport-mcp/test/Portia.McpTests/Registration/McpLifecycleQualificationTests.cs(59,0): at Cntryl.Portia.Tests.McpLifecycleQualificationTests.ShouldCancelMinimalSdkStdioHandler(String primitive, String revision, Boolean explicitNotification)
[xUnit.net 00:01:47.95]         /private/tmp/portia-pass1-transport-mcp/test/Portia.McpTests/Registration/McpLifecycleQualificationTests.cs(65,0): at Cntryl.Portia.Tests.McpLifecycleQualificationTests.ShouldCancelMinimalSdkStdioHandler(String primitive, String revision, Boolean explicitNotification)
[xUnit.net 00:01:47.95]         --- End of stack trace from previous location ---
[xUnit.net 00:01:58.97]       SDK 2025-11-25 prompt: missing disposed; protocol evidence: /var/folders/dg/rh2n13nx6cqgwpb8lkkxsgy80000gn/T/portia-sdk-cancellation-prompt-2025-11-25-False-843dc005dfdb47a1bd0f34f2298605b9
[xUnit.net 00:01:58.97]       Stack Trace:
[xUnit.net 00:01:58.97]         /private/tmp/portia-pass1-transport-mcp/test/Portia.McpTests/Registration/McpLifecycleQualificationTests.cs(76,0): at Cntryl.Portia.Tests.McpLifecycleQualificationTests.&lt;&gt;c__DisplayClass0_0.&lt;&lt;ShouldCancelMinimalSdkStdioHandler&gt;g__PollAsync|5&gt;d.MoveNext()
[xUnit.net 00:01:58.97]         --- End of stack trace from previous location ---
[xUnit.net 00:01:58.97]         /private/tmp/portia-pass1-transport-mcp/test/Portia.McpTests/Registration/McpLifecycleQualificationTests.cs(59,0): at Cntryl.Portia.Tests.McpLifecycleQualificationTests.ShouldCancelMinimalSdkStdioHandler(String primitive, String revision, Boolean explicitNotification)
[xUnit.net 00:01:58.97]         /private/tmp/portia-pass1-transport-mcp/test/Portia.McpTests/Registration/McpLifecycleQualificationTests.cs(65,0): at Cntryl.Portia.Tests.McpLifecycleQualificationTests.ShouldCancelMinimalSdkStdioHandler(String primitive, String revision, Boolean explicitNotification)
[xUnit.net 00:01:58.97]         --- End of stack trace from previous location ---
[xUnit.net 00:02:00.22]   Finished:    Portia.McpTests
</StdOut>
    </Output>
    <RunInfos>
      <RunInfo computerName="Machine" outcome="Error" timestamp="2026-10-01T20:06:32.4552020-04:00">
        <Text>[xUnit.net 00:00:05.51]     Cntryl.Portia.Tests.McpLifecycleQualificationTests.ShouldPropagateCancellationAndSanitizeDeadlinesOnBothTransports(transportName: "http", primitive: "tool", deadline: False, explicitNotification: False) [FAIL]</Text>
      </RunInfo>
      <RunInfo computerName="Machine" outcome="Error" timestamp="2026-10-01T20:06:37.5971290-04:00">
        <Text>[xUnit.net 00:00:10.65]     Cntryl.Portia.Tests.McpLifecycleQualificationTests.ShouldPropagateCancellationAndSanitizeDeadlinesOnBothTransports(transportName: "http", primitive: "prompt", deadline: False, explicitNotification: False) [FAIL]</Text>
      </RunInfo>
      <RunInfo computerName="Machine" outcome="Error" timestamp="2026-10-01T20:06:44.0881580-04:00">
        <Text>[xUnit.net 00:00:17.14]     Cntryl.Portia.Tests.McpLifecycleQualificationTests.ShouldPropagateCancellationAndSanitizeDeadlinesOnBothTransports(transportName: "stdio", primitive: "resource", deadline: False, explicitNotification: False) [FAIL]</Text>
      </RunInfo>
      <RunInfo computerName="Machine" outcome="Error" timestamp="2026-10-01T20:06:51.3898110-04:00">
        <Text>[xUnit.net 00:00:24.44]     Cntryl.Portia.Tests.McpLifecycleQualificationTests.ShouldPropagateCancellationAndSanitizeDeadlinesOnBothTransports(transportName: "http", primitive: "resource", deadline: False, explicitNotification: False) [FAIL]</Text>
      </RunInfo>
      <RunInfo computerName="Machine" outcome="Error" timestamp="2026-10-01T20:07:01.8614970-04:00">
        <Text>[xUnit.net 00:00:34.91]     Cntryl.Portia.Tests.McpLifecycleQualificationTests.ShouldPropagateCancellationAndSanitizeDeadlinesOnBothTransports(transportName: "stdio", primitive: "tool", deadline: False, explicitNotification: False) [FAIL]</Text>
      </RunInfo>
      <RunInfo computerName="Machine" outcome="Error" timestamp="2026-10-01T20:07:08.3139530-04:00">
        <Text>[xUnit.net 00:00:41.37]     Cntryl.Portia.Tests.McpLifecycleQualificationTests.ShouldPropagateCancellationAndSanitizeDeadlinesOnBothTransports(transportName: "stdio", primitive: "prompt", deadline: False, explicitNotification: False) [FAIL]</Text>
      </RunInfo>
      <RunInfo computerName="Machine" outcome="Error" timestamp="2026-10-01T20:07:24.4368990-04:00">
        <Text>[xUnit.net 00:00:57.49]     Cntryl.Portia.Tests.McpLifecycleQualificationTests.ShouldCancelMinimalSdkStdioHandler(primitive: "tool", revision: "2026-07-28", explicitNotification: False) [FAIL]</Text>
      </RunInfo>
      <RunInfo computerName="Machine" outcome="Error" timestamp="2026-10-01T20:07:36.7479480-04:00">
        <Text>[xUnit.net 00:01:09.80]     Cntryl.Portia.Tests.McpLifecycleQualificationTests.ShouldCancelMinimalSdkStdioHandler(primitive: "prompt", revision: "2026-07-28", explicitNotification: False) [FAIL]</Text>
      </RunInfo>
      <RunInfo computerName="Machine" outcome="Error" timestamp="2026-10-01T20:07:52.8598880-04:00">
        <Text>[xUnit.net 00:01:25.91]     Cntryl.Portia.Tests.McpLifecycleQualificationTests.ShouldCancelMinimalSdkStdioHandler(primitive: "resource", revision: "2026-07-28", explicitNotification: False) [FAIL]</Text>
      </RunInfo>
      <RunInfo computerName="Machine" outcome="Error" timestamp="2026-10-01T20:08:03.8793170-04:00">
        <Text>[xUnit.net 00:01:36.93]     Cntryl.Portia.Tests.McpLifecycleQualificationTests.ShouldCancelMinimalSdkStdioHandler(primitive: "tool", revision: "2025-11-25", explicitNotification: False) [FAIL]</Text>
      </RunInfo>
      <RunInfo computerName="Machine" outcome="Error" timestamp="2026-10-01T20:08:14.9011560-04:00">
        <Text>[xUnit.net 00:01:47.95]     Cntryl.Portia.Tests.McpLifecycleQualificationTests.ShouldCancelMinimalSdkStdioHandler(primitive: "resource", revision: "2025-11-25", explicitNotification: False) [FAIL]</Text>
      </RunInfo>
      <RunInfo computerName="Machine" outcome="Error" timestamp="2026-10-01T20:08:25.9165310-04:00">
        <Text>[xUnit.net 00:01:58.97]     Cntryl.Portia.Tests.McpLifecycleQualificationTests.ShouldCancelMinimalSdkStdioHandler(primitive: "prompt", revision: "2025-11-25", explicitNotification: False) [FAIL]</Text>
      </RunInfo>
    </RunInfos>
  </ResultSummary>
</TestRun>